Archive member included to satisfy reference by file (symbol)

/usr/lib/arm-none-eabi/lib/armv7e-m//libc.a(lib_a-printf.o)
                              main.o (printf)
/usr/lib/arm-none-eabi/lib/armv7e-m//libc.a(lib_a-reent.o)
                              stubs.o (errno)
/usr/lib/arm-none-eabi/lib/armv7e-m//libc.a(lib_a-vfprintf.o)
                              /usr/lib/arm-none-eabi/lib/armv7e-m//libc.a(lib_a-printf.o) (_vfprintf_r)
/usr/lib/arm-none-eabi/lib/armv7e-m//libc.a(lib_a-wsetup.o)
                              /usr/lib/arm-none-eabi/lib/armv7e-m//libc.a(lib_a-vfprintf.o) (__swsetup_r)
/usr/lib/arm-none-eabi/lib/armv7e-m//libc.a(lib_a-dtoa.o)
                              /usr/lib/arm-none-eabi/lib/armv7e-m//libc.a(lib_a-vfprintf.o) (_dtoa_r)
/usr/lib/arm-none-eabi/lib/armv7e-m//libc.a(lib_a-fflush.o)
                              /usr/lib/arm-none-eabi/lib/armv7e-m//libc.a(lib_a-vfprintf.o) (_fflush_r)
/usr/lib/arm-none-eabi/lib/armv7e-m//libc.a(lib_a-findfp.o)
                              /usr/lib/arm-none-eabi/lib/armv7e-m//libc.a(lib_a-vfprintf.o) (__sinit)
/usr/lib/arm-none-eabi/lib/armv7e-m//libc.a(lib_a-freer.o)
                              /usr/lib/arm-none-eabi/lib/armv7e-m//libc.a(lib_a-reent.o) (_free_r)
/usr/lib/arm-none-eabi/lib/armv7e-m//libc.a(lib_a-fwalk.o)
                              /usr/lib/arm-none-eabi/lib/armv7e-m//libc.a(lib_a-findfp.o) (_fwalk)
/usr/lib/arm-none-eabi/lib/armv7e-m//libc.a(lib_a-impure.o)
                              /usr/lib/arm-none-eabi/lib/armv7e-m//libc.a(lib_a-fflush.o) (_global_impure_ptr)
/usr/lib/arm-none-eabi/lib/armv7e-m//libc.a(lib_a-locale.o)
                              /usr/lib/arm-none-eabi/lib/armv7e-m//libc.a(lib_a-vfprintf.o) (_localeconv_r)
/usr/lib/arm-none-eabi/lib/armv7e-m//libc.a(lib_a-makebuf.o)
                              /usr/lib/arm-none-eabi/lib/armv7e-m//libc.a(lib_a-wsetup.o) (__smakebuf_r)
/usr/lib/arm-none-eabi/lib/armv7e-m//libc.a(lib_a-mallocr.o)
                              /usr/lib/arm-none-eabi/lib/armv7e-m//libc.a(lib_a-findfp.o) (_malloc_r)
/usr/lib/arm-none-eabi/lib/armv7e-m//libc.a(lib_a-memchr-stub.o)
                              /usr/lib/arm-none-eabi/lib/armv7e-m//libc.a(lib_a-vfprintf.o) (memchr)
/usr/lib/arm-none-eabi/lib/armv7e-m//libc.a(lib_a-memcpy.o)
                              /usr/lib/arm-none-eabi/lib/armv7e-m//libc.a(lib_a-dtoa.o) (memcpy)
/usr/lib/arm-none-eabi/lib/armv7e-m//libc.a(lib_a-memset.o)
                              /usr/lib/arm-none-eabi/lib/armv7e-m//libc.a(lib_a-findfp.o) (memset)
/usr/lib/arm-none-eabi/lib/armv7e-m//libc.a(lib_a-mlock.o)
                              /usr/lib/arm-none-eabi/lib/armv7e-m//libc.a(lib_a-freer.o) (__malloc_lock)
/usr/lib/arm-none-eabi/lib/armv7e-m//libc.a(lib_a-mprec.o)
                              /usr/lib/arm-none-eabi/lib/armv7e-m//libc.a(lib_a-dtoa.o) (_Balloc)
/usr/lib/arm-none-eabi/lib/armv7e-m//libc.a(lib_a-sbrkr.o)
                              /usr/lib/arm-none-eabi/lib/armv7e-m//libc.a(lib_a-freer.o) (_sbrk_r)
/usr/lib/arm-none-eabi/lib/armv7e-m//libc.a(lib_a-s_fpclassify.o)
                              /usr/lib/arm-none-eabi/lib/armv7e-m//libc.a(lib_a-vfprintf.o) (__fpclassifyd)
/usr/lib/arm-none-eabi/lib/armv7e-m//libc.a(lib_a-stdio.o)
                              /usr/lib/arm-none-eabi/lib/armv7e-m//libc.a(lib_a-findfp.o) (__sread)
/usr/lib/arm-none-eabi/lib/armv7e-m//libc.a(lib_a-strcmp.o)
                              /usr/lib/arm-none-eabi/lib/armv7e-m//libc.a(lib_a-locale.o) (strcmp)
/usr/lib/arm-none-eabi/lib/armv7e-m//libc.a(lib_a-strlen.o)
                              /usr/lib/arm-none-eabi/lib/armv7e-m//libc.a(lib_a-vfprintf.o) (strlen)
/usr/lib/arm-none-eabi/lib/armv7e-m//libc.a(lib_a-vfiprintf.o)
                              /usr/lib/arm-none-eabi/lib/armv7e-m//libc.a(lib_a-vfprintf.o) (__sprint_r)
/usr/lib/arm-none-eabi/lib/armv7e-m//libc.a(lib_a-writer.o)
                              /usr/lib/arm-none-eabi/lib/armv7e-m//libc.a(lib_a-stdio.o) (_write_r)
/usr/lib/arm-none-eabi/lib/armv7e-m//libc.a(lib_a-callocr.o)
                              /usr/lib/arm-none-eabi/lib/armv7e-m//libc.a(lib_a-mprec.o) (_calloc_r)
/usr/lib/arm-none-eabi/lib/armv7e-m//libc.a(lib_a-closer.o)
                              /usr/lib/arm-none-eabi/lib/armv7e-m//libc.a(lib_a-stdio.o) (_close_r)
/usr/lib/arm-none-eabi/lib/armv7e-m//libc.a(lib_a-fclose.o)
                              /usr/lib/arm-none-eabi/lib/armv7e-m//libc.a(lib_a-findfp.o) (_fclose_r)
/usr/lib/arm-none-eabi/lib/armv7e-m//libc.a(lib_a-fputwc.o)
                              /usr/lib/arm-none-eabi/lib/armv7e-m//libc.a(lib_a-vfiprintf.o) (_fputwc_r)
/usr/lib/arm-none-eabi/lib/armv7e-m//libc.a(lib_a-fstatr.o)
                              /usr/lib/arm-none-eabi/lib/armv7e-m//libc.a(lib_a-makebuf.o) (_fstat_r)
/usr/lib/arm-none-eabi/lib/armv7e-m//libc.a(lib_a-fvwrite.o)
                              /usr/lib/arm-none-eabi/lib/armv7e-m//libc.a(lib_a-vfiprintf.o) (__sfvwrite_r)
[...]
Memory Configuration

Name             Origin             Length             Attributes
RAM              0x20000000         0x00020000         xrw
FLASH            0x08000000         0x00100000         xr
*default*        0x00000000         0xffffffff

Linker script and memory map


.text           0x08000000     0xb78c
                0x08000000                . = ALIGN (0x4)
 *(.interrupt_vector)
 .interrupt_vector
                0x08000000      0x188 startup.o
                0x08000000                table_interrupt_vector
 *(.text)
 .text          0x08000188      0x280 main.o
                0x08000188                display_out
                0x08000230                log_channel
                0x08000364                main
 .text          0x08000408      0x444 system.o
                0x080004a4                clock_PLL
                0x0800062c                clock_HSE
                0x080006f0                systimer_init
                0x08000714                system_init
                0x08000804                sleep
                0x08000830                SysTick_Handler
 .text          0x0800084c       0x68 startup.o
                0x0800084c                Reset_Handler
                0x0800084c                handler_reset
                0x080008ac                RTC_Alarm_IRQHandler
                0x080008ac                HASH_RNG_IRQHandler
                0x080008ac                EXTI2_IRQHandler
                0x080008ac                TIM8_CC_IRQHandler
                0x080008ac                DebugMon_Handler
                0x080008ac                TIM1_CC_IRQHandler
                0x080008ac                DMA2_Stream5_IRQHandler
                0x080008ac                HardFault_Handler
                0x080008ac                DMA1_Stream5_IRQHandler
                0x080008ac                PVD_IRQHandler
                0x080008ac                SDIO_IRQHandler
                0x080008ac                TAMP_STAMP_IRQHandler
                0x080008ac                PendSV_Handler
                0x080008ac                NMI_Handler
                0x080008ac                CAN2_RX1_IRQHandler
                0x080008ac                EXTI3_IRQHandler
                0x080008ac                TIM8_TRG_COM_TIM14_IRQHandler
                0x080008ac                TIM1_UP_TIM10_IRQHandler
                0x080008ac                TIM8_UP_TIM13_IRQHandler
                0x080008ac                I2C3_ER_IRQHandler
                0x080008ac                EXTI0_IRQHandler
                0x080008ac                I2C2_EV_IRQHandler
                0x080008ac                DMA1_Stream2_IRQHandler
                0x080008ac                CAN1_RX0_IRQHandler
                0x080008ac                FPU_IRQHandler
                0x080008ac                OTG_HS_WKUP_IRQHandler
                0x080008ac                UsageFault_Handler
                0x080008ac                CAN2_SCE_IRQHandler
                0x080008ac                DMA2_Stream2_IRQHandler
                0x080008ac                TIM6_DAC_IRQHandler
                0x080008ac                TIM1_BRK_TIM9_IRQHandler
                0x080008ac                DCMI_IRQHandler
                0x080008ac                CAN2_RX0_IRQHandler
                0x080008ac                DMA2_Stream3_IRQHandler
                0x080008ac                default_handler
                0x080008ac                USART6_IRQHandler
                0x080008ac                CRYP_IRQHandler
                0x080008ac                CAN1_RX1_IRQHandler
                0x080008ac                UART5_IRQHandler
                0x080008ac                DMA2_Stream0_IRQHandler
                0x080008ac                TIM4_IRQHandler
                0x080008ac                DMA1_Stream6_IRQHandler
                0x080008ac                DMA1_Stream1_IRQHandler
                0x080008ac                RCC_IRQHandler
                0x080008ac                TIM8_BRK_TIM12_IRQHandler
                0x080008ac                EXTI15_10_IRQHandler
                0x080008ac                DMA1_Stream7_IRQHandler
                0x080008ac                TIM7_IRQHandler
                0x080008ac                CAN2_TX_IRQHandler
                0x080008ac                TIM5_IRQHandler
                0x080008ac                DMA2_Stream7_IRQHandler
                0x080008ac                I2C3_EV_IRQHandler
                0x080008ac                EXTI9_5_IRQHandler
                0x080008ac                RTC_WKUP_IRQHandler
                0x080008ac                ETH_WKUP_IRQHandler
                0x080008ac                SPI2_IRQHandler
                0x080008ac                OTG_HS_EP1_IN_IRQHandler
                0x080008ac                MemManage_Handler
                0x080008ac                DMA1_Stream0_IRQHandler
                0x080008ac                CAN1_TX_IRQHandler
                0x080008ac                SVC_Handler
                0x080008ac                EXTI4_IRQHandler
                0x080008ac                FSMC_IRQHandler
                0x080008ac                ETH_IRQHandler
                0x080008ac                OTG_HS_EP1_OUT_IRQHandler
                0x080008ac                WWDG_IRQHandler
                0x080008ac                OTG_FS_WKUP_IRQHandler
                0x080008ac                TIM1_TRG_COM_TIM11_IRQHandler
                0x080008ac                OTG_HS_IRQHandler
                0x080008ac                EXTI1_IRQHandler
                0x080008ac                USART2_IRQHandler
                0x080008ac                I2C2_ER_IRQHandler
                0x080008ac                DMA2_Stream1_IRQHandler
                0x080008ac                CAN1_SCE_IRQHandler
                0x080008ac                FLASH_IRQHandler
                0x080008ac                DMA2_Stream4_IRQHandler
                0x080008ac                BusFault_Handler
                0x080008ac                USART1_IRQHandler
                0x080008ac                OTG_FS_IRQHandler
                0x080008ac                SPI3_IRQHandler
                0x080008ac                DMA2_Stream6_IRQHandler
                0x080008ac                DMA1_Stream3_IRQHandler
 .text          0x080008b4      0x3e0 uart.o
                0x080008e4                uart_init
                0x080009c8                uart_putch
                0x08000a30                uart_send
                0x08000acc                uart_send_str
                0x08000b80                uart_read
                0x08000bfc                UART4_IRQHandler
 .text          0x08000c94      0x768 xprintf.o
                0x08000c94                xputc
                0x08000ce4                xputs
                0x08000d0c                xfputs
                0x0800103c                xprintf
                0x08001060                xsprintf
                0x0800109c                xfprintf
                0x080010d8                put_dump
                0x080011cc                xgets
                0x08001270                xfgets
                0x080012a8                xatoi
 .text          0x080013fc      0x364 adc.o
                0x0800142c                adc_common_init
                0x08001454                adc1_init
                0x0800150c                adc2_init
                0x0800158c                adc3_init
                0x0800160c                adc_set_trigger
                0x080016d0                adc_init
                0x0800170c                TIM2_IRQHandler
 .text          0x08001760      0x164 dac.o
                0x08001760                offset_pwm_init
                0x08001838                dac_init
                0x080018a4                dac_offset_set
 .text          0x080018c4        0x0 cos_sin_tbl.o
 .text          0x080018c4      0xe84 modbus_rtu.o
                0x080018f4                start_trans
                0x08001974                modbus_init
                0x08001a80                USART3_IRQHandler
                0x08001b84                pack_bits_to_bytes
                0x08001c30                set_coil
 .text          0x08002748       0x74 crc.o
                0x08002748                crc16
 .text          0x080027bc      0x934 spi.o
                0x080027ec                init_spi_dma
                0x080028d4                coll_pwm_set
                0x08002900                ind_pwm_init
                0x08002a28                spi_master_init
                0x08002b98                spi_slave_init
                0x08002c28                spi_write_read
                0x08002ce8                SPI1_IRQHandler
                0x08002d24                check_current
                0x08002d78                set_refcurrent
                0x08002e20                check_voltage
                0x08002e70                update_mode
                0x08002f70                check_temp
                0x08003028                TIM3_IRQHandler
                0x080030c4                DMA1_Stream4_IRQHandler
 .text          0x080030f0       0xf8 reg.o
                0x080030f0                reg_init
                0x08003104                ADC_IRQHandler
 .text          0x080031e8      0x4e4 i2c.o
                0x08003218                i2c_init
                0x08003310                i2c_test
                0x080034b0                I2C1_EV_IRQHandler
                0x080034c0                I2C1_ER_IRQHandler
                0x080034ec                btf_conf
                0x08003540                raddr_conf
                0x08003590                rsb_conf
                0x080035d0                pntr_tx_end
                0x0800360c                wadr_conf
                0x08003644                sb_conf
                0x0800367c                i2c_start
 .text          0x080036cc       0xdc attenuator.o
                0x080036cc                update_attenuator
                0x08003768                set_attenuator
 .text          0x080037a8        0x0 apl602.o
 .text          0x080037a8      0x2dc stubs.o
                0x080037a8                _exit
                0x080037c0                _close
                0x080037d8                _execve
                0x08003800                _fork
                0x0800381c                _fstat
                0x0800383c                _getpid
                0x0800384c                _isatty
                0x08003878                _kill
                0x0800389c                _link
                0x080038c0                _lseek
                0x080038dc                _sbrk
                0x0800394c                _read
                0x08003988                _stat
                0x080039a8                _times
                0x080039c0                _unlink
                0x080039e4                _wait
                0x08003a08                _write
 .text          0x08003a84        0x0 /usr/lib/arm-none-eabi/lib/armv7e-m//libc.a(lib_a-printf.o)
 .text          0x08003a84        0x0 /usr/lib/arm-none-eabi/lib/armv7e-m//libc.a(lib_a-reent.o)
 .text          0x08003a84        0x0 /usr/lib/arm-none-eabi/lib/armv7e-m//libc.a(lib_a-vfprintf.o)
 .text          0x08003a84        0x0 /usr/lib/arm-none-eabi/lib/armv7e-m//libc.a(lib_a-wsetup.o)
 .text          0x08003a84        0x0 /usr/lib/arm-none-eabi/lib/armv7e-m//libc.a(lib_a-dtoa.o)
 .text          0x08003a84        0x0 /usr/lib/arm-none-eabi/lib/armv7e-m//libc.a(lib_a-fflush.o)
 .text          0x08003a84        0x0 /usr/lib/arm-none-eabi/lib/armv7e-m//libc.a(lib_a-findfp.o)
 .text          0x08003a84        0x0 /usr/lib/arm-none-eabi/lib/armv7e-m//libc.a(lib_a-freer.o)
 .text          0x08003a84        0x0 /usr/lib/arm-none-eabi/lib/armv7e-m//libc.a(lib_a-fwalk.o)
 .text          0x08003a84        0x0 /usr/lib/arm-none-eabi/lib/armv7e-m//libc.a(lib_a-impure.o)
 .text          0x08003a84        0x0 /usr/lib/arm-none-eabi/lib/armv7e-m//libc.a(lib_a-locale.o)
 .text          0x08003a84        0x0 /usr/lib/arm-none-eabi/lib/armv7e-m//libc.a(lib_a-makebuf.o)
 .text          0x08003a84        0x0 /usr/lib/arm-none-eabi/lib/armv7e-m//libc.a(lib_a-mallocr.o)
 .text          0x08003a84        0x0 /usr/lib/arm-none-eabi/lib/armv7e-m//libc.a(lib_a-memchr-stub.o)
 .text          0x08003a84      0x134 /usr/lib/arm-none-eabi/lib/armv7e-m//libc.a(lib_a-memcpy.o)
                0x08003a84                memcpy
 .text          0x08003bb8        0x0 /usr/lib/arm-none-eabi/lib/armv7e-m//libc.a(lib_a-memset.o)
 .text          0x08003bb8        0x0 /usr/lib/arm-none-eabi/lib/armv7e-m//libc.a(lib_a-mlock.o)
 .text          0x08003bb8        0x0 /usr/lib/arm-none-eabi/lib/armv7e-m//libc.a(lib_a-mprec.o)
 .text          0x08003bb8        0x0 /usr/lib/arm-none-eabi/lib/armv7e-m//libc.a(lib_a-sbrkr.o)
 .text          0x08003bb8        0x0 /usr/lib/arm-none-eabi/lib/armv7e-m//libc.a(lib_a-s_fpclassify.o)
 .text          0x08003bb8        0x0 /usr/lib/arm-none-eabi/lib/armv7e-m//libc.a(lib_a-stdio.o)
 *fill*         0x08003bb8        0x8 
 .text          0x08003bc0      0x2e0 /usr/lib/arm-none-eabi/lib/armv7e-m//libc.a(lib_a-strcmp.o)
                0x08003bc8                strcmp
 .text          0x08003ea0        0x0 /usr/lib/arm-none-eabi/lib/armv7e-m//libc.a(lib_a-strlen.o)
 .text          0x08003ea0        0x0 /usr/lib/arm-none-eabi/lib/armv7e-m//libc.a(lib_a-vfiprintf.o)
 .text          0x08003ea0        0x0 /usr/lib/arm-none-eabi/lib/armv7e-m//libc.a(lib_a-writer.o)
 .text          0x08003ea0        0x0 /usr/lib/arm-none-eabi/lib/armv7e-m//libc.a(lib_a-callocr.o)
 .text          0x08003ea0        0x0 /usr/lib/arm-none-eabi/lib/armv7e-m//libc.a(lib_a-closer.o)
 .text          0x08003ea0        0x0 /usr/lib/arm-none-eabi/lib/armv7e-m//libc.a(lib_a-fclose.o)
 .text          0x08003ea0        0x0 /usr/lib/arm-none-eabi/lib/armv7e-m//libc.a(lib_a-fputwc.o)
 .text          0x08003ea0        0x0 /usr/lib/arm-none-eabi/lib/armv7e-m//libc.a(lib_a-fstatr.o)
 .text          0x08003ea0        0x0 /usr/lib/arm-none-eabi/lib/armv7e-m//libc.a(lib_a-fvwrite.o)
 .text          0x08003ea0        0x0 /usr/lib/arm-none-eabi/lib/armv7e-m//libc.a(lib_a-isattyr.o)
 .text          0x08003ea0        0x0 /usr/lib/arm-none-eabi/lib/armv7e-m//libc.a(lib_a-lseekr.o)
 .text          0x08003ea0        0x0 /usr/lib/arm-none-eabi/lib/armv7e-m//libc.a(lib_a-memmove.o)
 .text          0x08003ea0        0x0 /usr/lib/arm-none-eabi/lib/armv7e-m//libc.a(lib_a-readr.o)
 .text          0x08003ea0        0x0 /usr/lib/arm-none-eabi/lib/armv7e-m//libc.a(lib_a-reallocr.o)
 .text          0x08003ea0        0x0 /usr/lib/arm-none-eabi/lib/armv7e-m//libc.a(lib_a-wbuf.o)
 .text          0x08003ea0        0x0 /usr/lib/arm-none-eabi/lib/armv7e-m//libc.a(lib_a-wcrtomb.o)
 .text          0x08003ea0        0x0 /usr/lib/arm-none-eabi/lib/armv7e-m//libc.a(lib_a-wctomb_r.o)
 .text          0x08003ea0      0x370 /usr/lib/gcc/arm-none-eabi/4.8/armv7e-m//libgcc.a(_arm_addsubdf3.o)
                0x08003ea0                __aeabi_drsub
                0x08003ea8                __aeabi_dsub
                0x08003ea8                __subdf3
                0x08003eac                __adddf3
                0x08003eac                __aeabi_dadd
                0x08004124                __aeabi_ui2d
                0x08004124                __floatunsidf
                0x08004144                __floatsidf
                0x08004144                __aeabi_i2d
                0x08004168                __extendsfdf2
                0x08004168                __aeabi_f2d
                0x080041a4                __aeabi_ul2d
                0x080041a4                __floatundidf
                0x080041b4                __floatdidf
                0x080041b4                __aeabi_l2d
 .text          0x08004210      0x424 /usr/lib/gcc/arm-none-eabi/4.8/armv7e-m//libgcc.a(_arm_muldivdf3.o)
                0x08004210                __aeabi_dmul
                0x08004210                __muldf3
                0x08004464                __aeabi_ddiv
                0x08004464                __divdf3
 .text          0x08004634      0x110 /usr/lib/gcc/arm-none-eabi/4.8/armv7e-m//libgcc.a(_arm_cmpdf2.o)
                0x08004634                __gtdf2
                0x08004634                __gedf2
                0x0800463c                __ltdf2
                0x0800463c                __ledf2
                0x08004644                __cmpdf2
                0x08004644                __eqdf2
                0x08004644                __nedf2
                0x080046c0                __aeabi_cdrcmple
                0x080046d0                __aeabi_cdcmple
                0x080046d0                __aeabi_cdcmpeq
                0x080046e0                __aeabi_dcmpeq
                0x080046f4                __aeabi_dcmplt
                0x08004708                __aeabi_dcmple
                0x0800471c                __aeabi_dcmpge
                0x08004730                __aeabi_dcmpgt
 .text          0x08004744       0x50 /usr/lib/gcc/arm-none-eabi/4.8/armv7e-m//libgcc.a(_arm_fixdfsi.o)
                0x08004744                __fixdfsi
                0x08004744                __aeabi_d2iz
 .text          0x08004794       0x2c /usr/lib/gcc/arm-none-eabi/4.8/armv7e-m//libgcc.a(_aeabi_uldivmod.o)
                0x08004794                __aeabi_uldivmod
 .text          0x080047c0       0x60 /usr/lib/gcc/arm-none-eabi/4.8/armv7e-m//libgcc.a(bpabi.o)
                0x080047c0                __gnu_ldivmod_helper
                0x080047f0                __gnu_uldivmod_helper
 .text          0x08004820        0x4 /usr/lib/gcc/arm-none-eabi/4.8/armv7e-m//libgcc.a(_dvmd_tls.o)
                0x08004820                __aeabi_ldiv0
                0x08004820                __aeabi_idiv0
 .text          0x08004824      0x298 /usr/lib/gcc/arm-none-eabi/4.8/armv7e-m//libgcc.a(_divdi3.o)
                0x08004824                __divdi3
 .text          0x08004abc      0x284 /usr/lib/gcc/arm-none-eabi/4.8/armv7e-m//libgcc.a(_udivdi3.o)
                0x08004abc                __udivdi3
 *(.text*)
 .text._printf_r
                0x08004d40       0x20 /usr/lib/arm-none-eabi/lib/armv7e-m//libc.a(lib_a-printf.o)
                0x08004d40                _printf_r
 .text.printf   0x08004d60       0x28 /usr/lib/arm-none-eabi/lib/armv7e-m//libc.a(lib_a-printf.o)
                0x08004d60                printf
 .text.cleanup_glue
                0x08004d88       0x1c /usr/lib/arm-none-eabi/lib/armv7e-m//libc.a(lib_a-reent.o)
                0x08004d88                cleanup_glue
 .text._reclaim_reent
                0x08004da4       0x90 /usr/lib/arm-none-eabi/lib/armv7e-m//libc.a(lib_a-reent.o)
                0x08004da4                _reclaim_reent
 .text._vfprintf_r
                0x08004e34     0x1544 /usr/lib/arm-none-eabi/lib/armv7e-m//libc.a(lib_a-vfprintf.o)
                0x08004e34                _vfprintf_r
 .text.vfprintf
                0x08006378       0x18 /usr/lib/arm-none-eabi/lib/armv7e-m//libc.a(lib_a-vfprintf.o)
                0x08006378                vfprintf
 .text.__sbprintf
                0x08006390       0x78 /usr/lib/arm-none-eabi/lib/armv7e-m//libc.a(lib_a-vfprintf.o)
 .text.__swsetup_r
                0x08006408       0xc4 /usr/lib/arm-none-eabi/lib/armv7e-m//libc.a(lib_a-wsetup.o)
                0x08006408                __swsetup_r
 .text.quorem   0x080064cc      0x130 /usr/lib/arm-none-eabi/lib/armv7e-m//libc.a(lib_a-dtoa.o)
 *fill*         0x080065fc        0x4 
 .text._dtoa_r  0x08006600      0xe38 /usr/lib/arm-none-eabi/lib/armv7e-m//libc.a(lib_a-dtoa.o)
                0x08006600                _dtoa_r
 .text.__sflush_r
                0x08007438      0x154 /usr/lib/arm-none-eabi/lib/armv7e-m//libc.a(lib_a-fflush.o)
                0x08007438                __sflush_r
 .text._fflush_r
                0x0800758c       0x2c /usr/lib/arm-none-eabi/lib/armv7e-m//libc.a(lib_a-fflush.o)
                0x0800758c                _fflush_r
 .text.fflush   0x080075b8       0x24 /usr/lib/arm-none-eabi/lib/armv7e-m//libc.a(lib_a-fflush.o)
                0x080075b8                fflush
 .text.__fp_lock
                0x080075dc        0x4 /usr/lib/arm-none-eabi/lib/armv7e-m//libc.a(lib_a-findfp.o)
 .text.__fp_unlock
                0x080075e0        0x4 /usr/lib/arm-none-eabi/lib/armv7e-m//libc.a(lib_a-findfp.o)
 .text._cleanup_r
                0x080075e4        0xc /usr/lib/arm-none-eabi/lib/armv7e-m//libc.a(lib_a-findfp.o)
                0x080075e4                _cleanup_r
 .text.__sfmoreglue
                0x080075f0       0x30 /usr/lib/arm-none-eabi/lib/armv7e-m//libc.a(lib_a-findfp.o)
                0x080075f0                __sfmoreglue
 .text._cleanup
                0x08007620       0x14 /usr/lib/arm-none-eabi/lib/armv7e-m//libc.a(lib_a-findfp.o)
                0x08007620                _cleanup
 .text.__sinit  0x08007634       0xf4 /usr/lib/arm-none-eabi/lib/armv7e-m//libc.a(lib_a-findfp.o)
                0x08007634                __sinit
 .text.__sfp    0x08007728       0x8c /usr/lib/arm-none-eabi/lib/armv7e-m//libc.a(lib_a-findfp.o)
                0x08007728                __sfp
 .text.__sfp_lock_acquire
                0x080077b4        0x4 /usr/lib/arm-none-eabi/lib/armv7e-m//libc.a(lib_a-findfp.o)
                0x080077b4                __sfp_lock_acquire
 .text.__sfp_lock_release
                0x080077b8        0x4 /usr/lib/arm-none-eabi/lib/armv7e-m//libc.a(lib_a-findfp.o)
                0x080077b8                __sfp_lock_release
 .text.__sinit_lock_acquire
                0x080077bc        0x4 /usr/lib/arm-none-eabi/lib/armv7e-m//libc.a(lib_a-findfp.o)
                0x080077bc                __sinit_lock_acquire
 .text.__sinit_lock_release
                0x080077c0        0x4 /usr/lib/arm-none-eabi/lib/armv7e-m//libc.a(lib_a-findfp.o)
                0x080077c0                __sinit_lock_release
 .text.__fp_lock_all
                0x080077c4       0x14 /usr/lib/arm-none-eabi/lib/armv7e-m//libc.a(lib_a-findfp.o)
                0x080077c4                __fp_lock_all
 .text.__fp_unlock_all
                0x080077d8       0x14 /usr/lib/arm-none-eabi/lib/armv7e-m//libc.a(lib_a-findfp.o)
                0x080077d8                __fp_unlock_all
 .text._malloc_trim_r
                0x080077ec       0x9c /usr/lib/arm-none-eabi/lib/armv7e-m//libc.a(lib_a-freer.o)
                0x080077ec                _malloc_trim_r
 .text._free_r  0x08007888      0x19c /usr/lib/arm-none-eabi/lib/armv7e-m//libc.a(lib_a-freer.o)
                0x08007888                _free_r
 .text._fwalk   0x08007a24       0x4c /usr/lib/arm-none-eabi/lib/armv7e-m//libc.a(lib_a-fwalk.o)
                0x08007a24                _fwalk
 .text._fwalk_reent
                0x08007a70       0x50 /usr/lib/arm-none-eabi/lib/armv7e-m//libc.a(lib_a-fwalk.o)
                0x08007a70                _fwalk_reent
 .text._setlocale_r
                0x08007ac0       0x40 /usr/lib/arm-none-eabi/lib/armv7e-m//libc.a(lib_a-locale.o)
                0x08007ac0                _setlocale_r
 .text.__locale_charset
                0x08007b00        0x8 /usr/lib/arm-none-eabi/lib/armv7e-m//libc.a(lib_a-locale.o)
                0x08007b00                __locale_charset
 .text.__locale_mb_cur_max
                0x08007b08        0xc /usr/lib/arm-none-eabi/lib/armv7e-m//libc.a(lib_a-locale.o)
                0x08007b08                __locale_mb_cur_max
 .text.__locale_msgcharset
                0x08007b14        0x8 /usr/lib/arm-none-eabi/lib/armv7e-m//libc.a(lib_a-locale.o)
                0x08007b14                __locale_msgcharset
 .text.__locale_cjk_lang
                0x08007b1c        0x4 /usr/lib/arm-none-eabi/lib/armv7e-m//libc.a(lib_a-locale.o)
                0x08007b1c                __locale_cjk_lang
 .text._localeconv_r
                0x08007b20        0x8 /usr/lib/arm-none-eabi/lib/armv7e-m//libc.a(lib_a-locale.o)
                0x08007b20                _localeconv_r
 .text.setlocale
                0x08007b28       0x10 /usr/lib/arm-none-eabi/lib/armv7e-m//libc.a(lib_a-locale.o)
                0x08007b28                setlocale
 .text.localeconv
                0x08007b38        0x8 /usr/lib/arm-none-eabi/lib/armv7e-m//libc.a(lib_a-locale.o)
                0x08007b38                localeconv
 .text.__smakebuf_r
                0x08007b40       0xe0 /usr/lib/arm-none-eabi/lib/armv7e-m//libc.a(lib_a-makebuf.o)
                0x08007b40                __smakebuf_r
 .text._malloc_r
                0x08007c20      0x538 /usr/lib/arm-none-eabi/lib/armv7e-m//libc.a(lib_a-mallocr.o)
                0x08007c20                _malloc_r
 .text.memchr   0x08008158       0x90 /usr/lib/arm-none-eabi/lib/armv7e-m//libc.a(lib_a-memchr-stub.o)
                0x08008158                memchr
 .text.memset   0x080081e8       0x94 /usr/lib/arm-none-eabi/lib/armv7e-m//libc.a(lib_a-memset.o)
                0x080081e8                memset
 .text.__malloc_lock
                0x0800827c        0x4 /usr/lib/arm-none-eabi/lib/armv7e-m//libc.a(lib_a-mlock.o)
                0x0800827c                __malloc_lock
 .text.__malloc_unlock
                0x08008280        0x4 /usr/lib/arm-none-eabi/lib/armv7e-m//libc.a(lib_a-mlock.o)
                0x08008280                __malloc_unlock
 .text._Balloc  0x08008284       0x4c /usr/lib/arm-none-eabi/lib/armv7e-m//libc.a(lib_a-mprec.o)
                0x08008284                _Balloc
 .text._Bfree   0x080082d0       0x14 /usr/lib/arm-none-eabi/lib/armv7e-m//libc.a(lib_a-mprec.o)
                0x080082d0                _Bfree
 .text.__multadd
                0x080082e4       0x98 /usr/lib/arm-none-eabi/lib/armv7e-m//libc.a(lib_a-mprec.o)
                0x080082e4                __multadd
 .text.__s2b    0x0800837c       0x98 /usr/lib/arm-none-eabi/lib/armv7e-m//libc.a(lib_a-mprec.o)
                0x0800837c                __s2b
 .text.__hi0bits
                0x08008414       0x40 /usr/lib/arm-none-eabi/lib/armv7e-m//libc.a(lib_a-mprec.o)
                0x08008414                __hi0bits
 .text.__lo0bits
                0x08008454       0x5c /usr/lib/arm-none-eabi/lib/armv7e-m//libc.a(lib_a-mprec.o)
                0x08008454                __lo0bits
 .text.__i2b    0x080084b0       0x14 /usr/lib/arm-none-eabi/lib/armv7e-m//libc.a(lib_a-mprec.o)
                0x080084b0                __i2b
 .text.__multiply
                0x080084c4      0x13c /usr/lib/arm-none-eabi/lib/armv7e-m//libc.a(lib_a-mprec.o)
                0x080084c4                __multiply
 .text.__pow5mult
                0x08008600       0x9c /usr/lib/arm-none-eabi/lib/armv7e-m//libc.a(lib_a-mprec.o)
                0x08008600                __pow5mult
 .text.__lshift
                0x0800869c       0xbc /usr/lib/arm-none-eabi/lib/armv7e-m//libc.a(lib_a-mprec.o)
                0x0800869c                __lshift
 .text.__mcmp   0x08008758       0x48 /usr/lib/arm-none-eabi/lib/armv7e-m//libc.a(lib_a-mprec.o)
                0x08008758                __mcmp
 .text.__mdiff  0x080087a0       0xd4 /usr/lib/arm-none-eabi/lib/armv7e-m//libc.a(lib_a-mprec.o)
                0x080087a0                __mdiff
 .text.__ulp    0x08008874       0x40 /usr/lib/arm-none-eabi/lib/armv7e-m//libc.a(lib_a-mprec.o)
                0x08008874                __ulp
 .text.__b2d    0x080088b4       0xb4 /usr/lib/arm-none-eabi/lib/armv7e-m//libc.a(lib_a-mprec.o)
                0x080088b4                __b2d
 .text.__d2b    0x08008968       0xbc /usr/lib/arm-none-eabi/lib/armv7e-m//libc.a(lib_a-mprec.o)
                0x08008968                __d2b
 .text.__ratio  0x08008a24       0x50 /usr/lib/arm-none-eabi/lib/armv7e-m//libc.a(lib_a-mprec.o)
                0x08008a24                __ratio
 .text._mprec_log10
                0x08008a74       0x34 /usr/lib/arm-none-eabi/lib/armv7e-m//libc.a(lib_a-mprec.o)
                0x08008a74                _mprec_log10
 .text.__copybits
                0x08008aa8       0x48 /usr/lib/arm-none-eabi/lib/armv7e-m//libc.a(lib_a-mprec.o)
                0x08008aa8                __copybits
 .text.__any_on
                0x08008af0       0x60 /usr/lib/arm-none-eabi/lib/armv7e-m//libc.a(lib_a-mprec.o)
                0x08008af0                __any_on
 .text._sbrk_r  0x08008b50       0x24 /usr/lib/arm-none-eabi/lib/armv7e-m//libc.a(lib_a-sbrkr.o)
                0x08008b50                _sbrk_r
 .text.__fpclassifyd
                0x08008b74       0x50 /usr/lib/arm-none-eabi/lib/armv7e-m//libc.a(lib_a-s_fpclassify.o)
                0x08008b74                __fpclassifyd
 .text.__sread  0x08008bc4       0x24 /usr/lib/arm-none-eabi/lib/armv7e-m//libc.a(lib_a-stdio.o)
                0x08008bc4                __sread
 .text.__seofread
                0x08008be8        0x4 /usr/lib/arm-none-eabi/lib/armv7e-m//libc.a(lib_a-stdio.o)
                0x08008be8                __seofread
 .text.__swrite
                0x08008bec       0x38 /usr/lib/arm-none-eabi/lib/armv7e-m//libc.a(lib_a-stdio.o)
                0x08008bec                __swrite
 .text.__sseek  0x08008c24       0x20 /usr/lib/arm-none-eabi/lib/armv7e-m//libc.a(lib_a-stdio.o)
                0x08008c24                __sseek
 .text.__sclose
                0x08008c44        0x8 /usr/lib/arm-none-eabi/lib/armv7e-m//libc.a(lib_a-stdio.o)
                0x08008c44                __sclose
 .text.strlen   0x08008c4c       0x5c /usr/lib/arm-none-eabi/lib/armv7e-m//libc.a(lib_a-strlen.o)
                0x08008c4c                strlen
 .text.__sprint_r.part.0
                0x08008ca8       0x78 /usr/lib/arm-none-eabi/lib/armv7e-m//libc.a(lib_a-vfiprintf.o)
 .text.__sprint_r
                0x08008d20       0x18 /usr/lib/arm-none-eabi/lib/armv7e-m//libc.a(lib_a-vfiprintf.o)
                0x08008d20                __sprint_r
 .text._vfiprintf_r
                0x08008d38      0xc54 /usr/lib/arm-none-eabi/lib/armv7e-m//libc.a(lib_a-vfiprintf.o)
                0x08008d38                _vfiprintf_r
 .text.vfiprintf
                0x0800998c       0x18 /usr/lib/arm-none-eabi/lib/armv7e-m//libc.a(lib_a-vfiprintf.o)
                0x0800998c                vfiprintf
 .text.__sbprintf
                0x080099a4       0x78 /usr/lib/arm-none-eabi/lib/armv7e-m//libc.a(lib_a-vfiprintf.o)
 .text._write_r
                0x08009a1c       0x28 /usr/lib/arm-none-eabi/lib/armv7e-m//libc.a(lib_a-writer.o)
                0x08009a1c                _write_r
 .text._calloc_r
                0x08009a44       0x60 /usr/lib/arm-none-eabi/lib/armv7e-m//libc.a(lib_a-callocr.o)
                0x08009a44                _calloc_r
 .text._close_r
                0x08009aa4       0x24 /usr/lib/arm-none-eabi/lib/armv7e-m//libc.a(lib_a-closer.o)
                0x08009aa4                _close_r
 .text._fclose_r
                0x08009ac8       0x80 /usr/lib/arm-none-eabi/lib/armv7e-m//libc.a(lib_a-fclose.o)
                0x08009ac8                _fclose_r
 .text.fclose   0x08009b48       0x10 /usr/lib/arm-none-eabi/lib/armv7e-m//libc.a(lib_a-fclose.o)
                0x08009b48                fclose
 .text._fputwc_r
                0x08009b58       0xbc /usr/lib/arm-none-eabi/lib/armv7e-m//libc.a(lib_a-fputwc.o)
                0x08009b58                _fputwc_r
 .text.fputwc   0x08009c14       0x28 /usr/lib/arm-none-eabi/lib/armv7e-m//libc.a(lib_a-fputwc.o)
                0x08009c14                fputwc
 .text._fstat_r
                0x08009c3c       0x28 /usr/lib/arm-none-eabi/lib/armv7e-m//libc.a(lib_a-fstatr.o)
                0x08009c3c                _fstat_r
 .text.__sfvwrite_r
                0x08009c64      0x318 /usr/lib/arm-none-eabi/lib/armv7e-m//libc.a(lib_a-fvwrite.o)
                0x08009c64                __sfvwrite_r
 .text._isatty_r
                0x08009f7c       0x24 /usr/lib/arm-none-eabi/lib/armv7e-m//libc.a(lib_a-isattyr.o)
                0x08009f7c                _isatty_r
 .text._lseek_r
                0x08009fa0       0x28 /usr/lib/arm-none-eabi/lib/armv7e-m//libc.a(lib_a-lseekr.o)
                0x08009fa0                _lseek_r
 .text.memmove  0x08009fc8       0xc0 /usr/lib/arm-none-eabi/lib/armv7e-m//libc.a(lib_a-memmove.o)
                0x08009fc8                memmove
 .text._read_r  0x0800a088       0x28 /usr/lib/arm-none-eabi/lib/armv7e-m//libc.a(lib_a-readr.o)
                0x0800a088                _read_r
 .text._realloc_r
                0x0800a0b0      0x3cc /usr/lib/arm-none-eabi/lib/armv7e-m//libc.a(lib_a-reallocr.o)
                0x0800a0b0                _realloc_r
 .text.__swbuf_r
                0x0800a47c       0xa8 /usr/lib/arm-none-eabi/lib/armv7e-m//libc.a(lib_a-wbuf.o)
                0x0800a47c                __swbuf_r
 .text.__swbuf  0x0800a524       0x10 /usr/lib/arm-none-eabi/lib/armv7e-m//libc.a(lib_a-wbuf.o)
                0x0800a524                __swbuf
 .text._wcrtomb_r
                0x0800a534       0x50 /usr/lib/arm-none-eabi/lib/armv7e-m//libc.a(lib_a-wcrtomb.o)
                0x0800a534                _wcrtomb_r
 .text.wcrtomb  0x0800a584       0x58 /usr/lib/arm-none-eabi/lib/armv7e-m//libc.a(lib_a-wcrtomb.o)
                0x0800a584                wcrtomb
 .text.__ascii_wctomb
                0x0800a5dc       0x1c /usr/lib/arm-none-eabi/lib/armv7e-m//libc.a(lib_a-wctomb_r.o)
                0x0800a5dc                __ascii_wctomb
 .text._wctomb_r
                0x0800a5f8       0x30 /usr/lib/arm-none-eabi/lib/armv7e-m//libc.a(lib_a-wctomb_r.o)
                0x0800a5f8                _wctomb_r
 *(.rodata)
 .rodata        0x0800a628       0xb4 main.o
                0x0800a628                seg7_tbl
 .rodata        0x0800a6dc       0x20 xprintf.o
 .rodata        0x0800a6fc       0x80 cos_sin_tbl.o
                0x0800a6fc                cos_table
 .rodata        0x0800a77c      0x418 modbus_rtu.o
                0x0800a77c                device_additional_info
                0x0800a794                proc_PDU_table
 .rodata        0x0800ab94       0x20 spi.o
                0x0800ab94                kc
                0x0800ab98                kr
                0x0800ab9c                kv
                0x0800aba0                ac
                0x0800aba4                ar
                0x0800aba8                av
                0x0800abac                temp_sens_addr
                0x0800abb0                Rt
 .rodata        0x0800abb4       0x88 i2c.o
 .rodata        0x0800ac3c      0x960 apl602.o
                0x0800ac3c                apl602_imax
 .rodata        0x0800b59c       0x24 stubs.o
 *(.rodata*)
 .rodata.zeroes.6811
                0x0800b5c0       0x10 /usr/lib/arm-none-eabi/lib/armv7e-m//libc.a(lib_a-vfprintf.o)
 .rodata.str1.4
                0x0800b5d0       0x42 /usr/lib/arm-none-eabi/lib/armv7e-m//libc.a(lib_a-vfprintf.o)
                                 0x44 (size before relaxing)
 *fill*         0x0800b612        0x2 
 .rodata.blanks.6810
                0x0800b614       0x10 /usr/lib/arm-none-eabi/lib/armv7e-m//libc.a(lib_a-vfprintf.o)
 .rodata.str1.4
                0x0800b624       0x10 /usr/lib/arm-none-eabi/lib/armv7e-m//libc.a(lib_a-dtoa.o)
                                 0x14 (size before relaxing)
 .rodata.str1.4
                0x0800b634        0x2 /usr/lib/arm-none-eabi/lib/armv7e-m//libc.a(lib_a-impure.o)
                                  0x4 (size before relaxing)
 *fill*         0x0800b636        0x2 
 .rodata._global_impure_ptr
                0x0800b638        0x4 /usr/lib/arm-none-eabi/lib/armv7e-m//libc.a(lib_a-impure.o)
                0x0800b638                _global_impure_ptr
 .rodata.str1.4
                0x0800b63c        0xc /usr/lib/arm-none-eabi/lib/armv7e-m//libc.a(lib_a-locale.o)
                                 0x14 (size before relaxing)
 .rodata.__mprec_tens
                0x0800b648       0xc8 /usr/lib/arm-none-eabi/lib/armv7e-m//libc.a(lib_a-mprec.o)
                0x0800b648                __mprec_tens
 .rodata.__mprec_bigtens
                0x0800b710       0x28 /usr/lib/arm-none-eabi/lib/armv7e-m//libc.a(lib_a-mprec.o)
                0x0800b710                __mprec_bigtens
 .rodata.__mprec_tinytens
                0x0800b738       0x28 /usr/lib/arm-none-eabi/lib/armv7e-m//libc.a(lib_a-mprec.o)
                0x0800b738                __mprec_tinytens
 .rodata.p05.5269
                0x0800b760        0xc /usr/lib/arm-none-eabi/lib/armv7e-m//libc.a(lib_a-mprec.o)
 .rodata.zeroes.6754
                0x0800b76c       0x10 /usr/lib/arm-none-eabi/lib/armv7e-m//libc.a(lib_a-vfiprintf.o)
 .rodata.str1.4
                0x0800b77c       0x30 /usr/lib/arm-none-eabi/lib/armv7e-m//libc.a(lib_a-vfiprintf.o)
 .rodata.blanks.6753
                0x0800b77c       0x10 /usr/lib/arm-none-eabi/lib/armv7e-m//libc.a(lib_a-vfiprintf.o)
                0x0800b7ac                . = ALIGN (0x4)
                0x0800b7ac                _data_flash = .

.glue_7         0x0800b78c        0x0
 .glue_7        0x0800b78c        0x0 linker stubs

.glue_7t        0x0800b78c        0x0
 .glue_7t       0x0800b78c        0x0 linker stubs

.vfp11_veneer   0x0800b78c        0x0
 .vfp11_veneer  0x0800b78c        0x0 linker stubs

.v4_bx          0x0800b78c        0x0
 .v4_bx         0x0800b78c        0x0 linker stubs

.iplt           0x0800b78c        0x0
 .iplt          0x0800b78c        0x0 main.o

.data           0x20000000      0xae4 load address 0x0800b78c
                0x20000000                . = ALIGN (0x4)
                0x20000000                _data_begin = .
 *(.data)
 .data          0x20000000        0x8 main.o
                0x20000000                test_pwm
                0x20000002                test_dac
                0x20000004                vdiv
 .data          0x20000008        0x0 system.o
 .data          0x20000008        0x0 startup.o
 .data          0x20000008        0x0 uart.o
 .data          0x20000008        0x0 xprintf.o
 .data          0x20000008        0x0 adc.o
 .data          0x20000008        0x0 dac.o
 .data          0x20000008        0x0 cos_sin_tbl.o
 .data          0x20000008       0x10 modbus_rtu.o
                0x20000008                bits_tab
                0x20000010                input_bits_tab
                0x20000014                input_registers_tab
 .data          0x20000018      0x200 crc.o
                0x20000018                crc_table_low
                0x20000118                crc_table_high
 .data          0x20000218        0x0 spi.o
 .data          0x20000218        0x8 reg.o
                0x20000218                Ki
                0x2000021c                Vsignal
 .data          0x20000220        0x1 i2c.o
                0x20000220                i2c_address
 .data          0x20000221        0x0 attenuator.o
 .data          0x20000221        0x0 apl602.o
 *fill*         0x20000221        0x3 
 .data          0x20000224        0x4 stubs.o
                0x20000224                environ
 .data          0x20000228        0x0 /usr/lib/arm-none-eabi/lib/armv7e-m//libc.a(lib_a-printf.o)
 .data          0x20000228        0x0 /usr/lib/arm-none-eabi/lib/armv7e-m//libc.a(lib_a-reent.o)
 .data          0x20000228        0x0 /usr/lib/arm-none-eabi/lib/armv7e-m//libc.a(lib_a-vfprintf.o)
 .data          0x20000228        0x0 /usr/lib/arm-none-eabi/lib/armv7e-m//libc.a(lib_a-wsetup.o)
 .data          0x20000228        0x0 /usr/lib/arm-none-eabi/lib/armv7e-m//libc.a(lib_a-dtoa.o)
 .data          0x20000228        0x0 /usr/lib/arm-none-eabi/lib/armv7e-m//libc.a(lib_a-fflush.o)
 .data          0x20000228        0x0 /usr/lib/arm-none-eabi/lib/armv7e-m//libc.a(lib_a-findfp.o)
 .data          0x20000228        0x0 /usr/lib/arm-none-eabi/lib/armv7e-m//libc.a(lib_a-freer.o)
 .data          0x20000228        0x0 /usr/lib/arm-none-eabi/lib/armv7e-m//libc.a(lib_a-fwalk.o)
 .data          0x20000228        0x0 /usr/lib/arm-none-eabi/lib/armv7e-m//libc.a(lib_a-impure.o)
 .data          0x20000228        0x0 /usr/lib/arm-none-eabi/lib/armv7e-m//libc.a(lib_a-locale.o)
 .data          0x20000228        0x0 /usr/lib/arm-none-eabi/lib/armv7e-m//libc.a(lib_a-makebuf.o)
 .data          0x20000228        0x0 /usr/lib/arm-none-eabi/lib/armv7e-m//libc.a(lib_a-mallocr.o)
 .data          0x20000228        0x0 /usr/lib/arm-none-eabi/lib/armv7e-m//libc.a(lib_a-memchr-stub.o)
 .data          0x20000228        0x0 /usr/lib/arm-none-eabi/lib/armv7e-m//libc.a(lib_a-memcpy.o)
 .data          0x20000228        0x0 /usr/lib/arm-none-eabi/lib/armv7e-m//libc.a(lib_a-memset.o)
 .data          0x20000228        0x0 /usr/lib/arm-none-eabi/lib/armv7e-m//libc.a(lib_a-mlock.o)
 .data          0x20000228        0x0 /usr/lib/arm-none-eabi/lib/armv7e-m//libc.a(lib_a-mprec.o)
 .data          0x20000228        0x0 /usr/lib/arm-none-eabi/lib/armv7e-m//libc.a(lib_a-sbrkr.o)
 .data          0x20000228        0x0 /usr/lib/arm-none-eabi/lib/armv7e-m//libc.a(lib_a-s_fpclassify.o)
 .data          0x20000228        0x0 /usr/lib/arm-none-eabi/lib/armv7e-m//libc.a(lib_a-stdio.o)
 .data          0x20000228        0x0 /usr/lib/arm-none-eabi/lib/armv7e-m//libc.a(lib_a-strcmp.o)
 .data          0x20000228        0x0 /usr/lib/arm-none-eabi/lib/armv7e-m//libc.a(lib_a-strlen.o)
 .data          0x20000228        0x0 /usr/lib/arm-none-eabi/lib/armv7e-m//libc.a(lib_a-vfiprintf.o)
 .data          0x20000228        0x0 /usr/lib/arm-none-eabi/lib/armv7e-m//libc.a(lib_a-writer.o)
 .data          0x20000228        0x0 /usr/lib/arm-none-eabi/lib/armv7e-m//libc.a(lib_a-callocr.o)
 .data          0x20000228        0x0 /usr/lib/arm-none-eabi/lib/armv7e-m//libc.a(lib_a-closer.o)
 .data          0x20000228        0x0 /usr/lib/arm-none-eabi/lib/armv7e-m//libc.a(lib_a-fclose.o)
 .data          0x20000228        0x0 /usr/lib/arm-none-eabi/lib/armv7e-m//libc.a(lib_a-fputwc.o)
 .data          0x20000228        0x0 /usr/lib/arm-none-eabi/lib/armv7e-m//libc.a(lib_a-fstatr.o)
 .data          0x20000228        0x0 /usr/lib/arm-none-eabi/lib/armv7e-m//libc.a(lib_a-fvwrite.o)
 .data          0x20000228        0x0 /usr/lib/arm-none-eabi/lib/armv7e-m//libc.a(lib_a-isattyr.o)
 .data          0x20000228        0x0 /usr/lib/arm-none-eabi/lib/armv7e-m//libc.a(lib_a-lseekr.o)
 .data          0x20000228        0x0 /usr/lib/arm-none-eabi/lib/armv7e-m//libc.a(lib_a-memmove.o)
 .data          0x20000228        0x0 /usr/lib/arm-none-eabi/lib/armv7e-m//libc.a(lib_a-readr.o)
 .data          0x20000228        0x0 /usr/lib/arm-none-eabi/lib/armv7e-m//libc.a(lib_a-reallocr.o)
 .data          0x20000228        0x0 /usr/lib/arm-none-eabi/lib/armv7e-m//libc.a(lib_a-wbuf.o)
 .data          0x20000228        0x0 /usr/lib/arm-none-eabi/lib/armv7e-m//libc.a(lib_a-wcrtomb.o)
 .data          0x20000228        0x0 /usr/lib/arm-none-eabi/lib/armv7e-m//libc.a(lib_a-wctomb_r.o)
 .data          0x20000228        0x0 /usr/lib/gcc/arm-none-eabi/4.8/armv7e-m//libgcc.a(_arm_addsubdf3.o)
 .data          0x20000228        0x0 /usr/lib/gcc/arm-none-eabi/4.8/armv7e-m//libgcc.a(_arm_muldivdf3.o)
 .data          0x20000228        0x0 /usr/lib/gcc/arm-none-eabi/4.8/armv7e-m//libgcc.a(_arm_cmpdf2.o)
 .data          0x20000228        0x0 /usr/lib/gcc/arm-none-eabi/4.8/armv7e-m//libgcc.a(_arm_fixdfsi.o)
 .data          0x20000228        0x0 /usr/lib/gcc/arm-none-eabi/4.8/armv7e-m//libgcc.a(_aeabi_uldivmod.o)
 .data          0x20000228        0x0 /usr/lib/gcc/arm-none-eabi/4.8/armv7e-m//libgcc.a(bpabi.o)
 .data          0x20000228        0x0 /usr/lib/gcc/arm-none-eabi/4.8/armv7e-m//libgcc.a(_dvmd_tls.o)
 .data          0x20000228        0x0 /usr/lib/gcc/arm-none-eabi/4.8/armv7e-m//libgcc.a(_divdi3.o)
 .data          0x20000228        0x0 /usr/lib/gcc/arm-none-eabi/4.8/armv7e-m//libgcc.a(_udivdi3.o)
 *(.data*)
 .data.impure_data
                0x20000228      0x428 /usr/lib/arm-none-eabi/lib/armv7e-m//libc.a(lib_a-impure.o)
 .data._impure_ptr
                0x20000650        0x4 /usr/lib/arm-none-eabi/lib/armv7e-m//libc.a(lib_a-impure.o)
                0x20000650                _impure_ptr
 .data.lc_message_charset
                0x20000654       0x20 /usr/lib/arm-none-eabi/lib/armv7e-m//libc.a(lib_a-locale.o)
 .data.lconv    0x20000674       0x38 /usr/lib/arm-none-eabi/lib/armv7e-m//libc.a(lib_a-locale.o)
 .data.lc_ctype_charset
                0x200006ac       0x20 /usr/lib/arm-none-eabi/lib/armv7e-m//libc.a(lib_a-locale.o)
 .data.__mb_cur_max
                0x200006cc        0x4 /usr/lib/arm-none-eabi/lib/armv7e-m//libc.a(lib_a-locale.o)
                0x200006cc                __mb_cur_max
 .data.__malloc_av_
                0x200006d0      0x408 /usr/lib/arm-none-eabi/lib/armv7e-m//libc.a(lib_a-mallocr.o)
                0x200006d0                __malloc_av_
 .data.__malloc_trim_threshold
                0x20000ad8        0x4 /usr/lib/arm-none-eabi/lib/armv7e-m//libc.a(lib_a-mallocr.o)
                0x20000ad8                __malloc_trim_threshold
 .data.__malloc_sbrk_base
                0x20000adc        0x4 /usr/lib/arm-none-eabi/lib/armv7e-m//libc.a(lib_a-mallocr.o)
                0x20000adc                __malloc_sbrk_base
 .data.__wctomb
                0x20000ae0        0x4 /usr/lib/arm-none-eabi/lib/armv7e-m//libc.a(lib_a-wctomb_r.o)
                0x20000ae0                __wctomb
                0x20000ae4                . = ALIGN (0x4)
                0x20000ae4                _data_end = .

.igot.plt       0x20000ae4        0x0 load address 0x0800c270
 .igot.plt      0x20000ae4        0x0 main.o
                0x20000ae4                . = ALIGN (0x4)

.eh_frame       0x20000ae4       0x70 load address 0x0800c270
 *(.eh_frame)
 .eh_frame      0x20000ae4       0x70 /usr/lib/arm-none-eabi/lib/armv7e-m//libc.a(lib_a-strcmp.o)

.ARM.extab      0x20000b54        0x0 load address 0x0800c2e0
 .ARM.extab     0x20000b54        0x0 /usr/lib/gcc/arm-none-eabi/4.8/armv7e-m//libgcc.a(_divdi3.o)
 .ARM.extab     0x20000b54        0x0 /usr/lib/gcc/arm-none-eabi/4.8/armv7e-m//libgcc.a(_udivdi3.o)

.ARM.exidx      0x20000b54        0x8 load address 0x0800c2e0
 .ARM.exidx     0x20000b54        0x8 /usr/lib/gcc/arm-none-eabi/4.8/armv7e-m//libgcc.a(_divdi3.o)
 .ARM.exidx     0x20000b5c        0x0 /usr/lib/gcc/arm-none-eabi/4.8/armv7e-m//libgcc.a(_udivdi3.o)
                                  0x8 (size before relaxing)

.rel.dyn        0x20000b5c        0x0 load address 0x0800c2e8
 .rel.iplt      0x20000b5c        0x0 main.o

.bss            0x20000b5c     0x2b00 load address 0x0800c2e8
                0x20000b5c                . = ALIGN (0x4)
                0x20000b5c                _bss_begin = .
                0x20000b5c                __bss_start__ = _bss_begin
 *(.bss)
 .bss           0x20000b5c       0x20 main.o
                0x20000b5c                atten
                0x20000b60                fDerating
                0x20000b64                fOverheat
                0x20000b68                Imax
                0x20000b6c                Vdav
                0x20000b70                Idav
                0x20000b74                Pdav
                0x20000b78                Tj
 .bss           0x20000b7c        0x4 system.o
                0x20000b7c                system_time
 .bss           0x20000b80        0x0 startup.o
 .bss           0x20000b80      0x810 uart.o
                0x20000b80                tx_buf
                0x20000f80                tx_idx
                0x20000f84                tx_wr_idx
                0x20000f88                rx_buf
                0x20001388                rx_idx
                0x2000138c                rx_rd_idx
 .bss           0x20001390        0xc xprintf.o
                0x20001390                xfunc_out
                0x20001398                xfunc_in
 .bss           0x2000139c        0x0 adc.o
 .bss           0x2000139c        0x0 dac.o
 .bss           0x2000139c        0x0 cos_sin_tbl.o
 .bss           0x2000139c      0x224 modbus_rtu.o
                0x2000139c                register_tab
                0x200013ac                modbus_error
                0x200013b0                rx_buffer
                0x200014b0                rx_index
                0x200014b4                rx_size
                0x200014b8                tx_buffer
                0x200015b8                tx_index
                0x200015bc                tx_numbytes
 .bss           0x200015c0        0x0 crc.o
 .bss           0x200015c0       0x14 spi.o
                0x200015c0                sbuf
                0x200015c8                spi_rx_ready
                0x200015cc                spi_rx_byte
 .bss           0x200015d4     0x2028 reg.o
                0x200015d4                Vd
                0x200025dc                Ic1
                0x200035e4                Ir1
                0x200035ec                Kp
                0x200035f0                Voffset
                0x200035f4                Error
                0x200035f8                temperature
 .bss           0x200035fc       0x10 i2c.o
                0x200035fc                temp_buf
                0x20003604                i2c_fsm_prc
                0x20003608                i2c_errcnt
 .bss           0x2000360c        0x4 attenuator.o
                0x2000360c                Katt
 .bss           0x20003610        0x0 apl602.o
 .bss           0x20003610        0x8 stubs.o
                0x20003610                __env
 .bss           0x20003618        0x0 /usr/lib/arm-none-eabi/lib/armv7e-m//libc.a(lib_a-printf.o)
 .bss           0x20003618        0x0 /usr/lib/arm-none-eabi/lib/armv7e-m//libc.a(lib_a-reent.o)
 .bss           0x20003618        0x0 /usr/lib/arm-none-eabi/lib/armv7e-m//libc.a(lib_a-vfprintf.o)
 .bss           0x20003618        0x0 /usr/lib/arm-none-eabi/lib/armv7e-m//libc.a(lib_a-wsetup.o)
 .bss           0x20003618        0x0 /usr/lib/arm-none-eabi/lib/armv7e-m//libc.a(lib_a-dtoa.o)
 .bss           0x20003618        0x0 /usr/lib/arm-none-eabi/lib/armv7e-m//libc.a(lib_a-fflush.o)
 .bss           0x20003618        0x0 /usr/lib/arm-none-eabi/lib/armv7e-m//libc.a(lib_a-findfp.o)
 .bss           0x20003618        0x0 /usr/lib/arm-none-eabi/lib/armv7e-m//libc.a(lib_a-freer.o)
 .bss           0x20003618        0x0 /usr/lib/arm-none-eabi/lib/armv7e-m//libc.a(lib_a-fwalk.o)
 .bss           0x20003618        0x0 /usr/lib/arm-none-eabi/lib/armv7e-m//libc.a(lib_a-impure.o)
 .bss           0x20003618        0x0 /usr/lib/arm-none-eabi/lib/armv7e-m//libc.a(lib_a-locale.o)
 .bss           0x20003618        0x0 /usr/lib/arm-none-eabi/lib/armv7e-m//libc.a(lib_a-makebuf.o)
 .bss           0x20003618        0x0 /usr/lib/arm-none-eabi/lib/armv7e-m//libc.a(lib_a-mallocr.o)
 .bss           0x20003618        0x0 /usr/lib/arm-none-eabi/lib/armv7e-m//libc.a(lib_a-memchr-stub.o)
 .bss           0x20003618        0x0 /usr/lib/arm-none-eabi/lib/armv7e-m//libc.a(lib_a-memcpy.o)
 .bss           0x20003618        0x0 /usr/lib/arm-none-eabi/lib/armv7e-m//libc.a(lib_a-memset.o)
 .bss           0x20003618        0x0 /usr/lib/arm-none-eabi/lib/armv7e-m//libc.a(lib_a-mlock.o)
 .bss           0x20003618        0x0 /usr/lib/arm-none-eabi/lib/armv7e-m//libc.a(lib_a-mprec.o)
 .bss           0x20003618        0x0 /usr/lib/arm-none-eabi/lib/armv7e-m//libc.a(lib_a-sbrkr.o)
 .bss           0x20003618        0x0 /usr/lib/arm-none-eabi/lib/armv7e-m//libc.a(lib_a-s_fpclassify.o)
 .bss           0x20003618        0x0 /usr/lib/arm-none-eabi/lib/armv7e-m//libc.a(lib_a-stdio.o)
 .bss           0x20003618        0x0 /usr/lib/arm-none-eabi/lib/armv7e-m//libc.a(lib_a-strcmp.o)
 .bss           0x20003618        0x0 /usr/lib/arm-none-eabi/lib/armv7e-m//libc.a(lib_a-strlen.o)
 .bss           0x20003618        0x0 /usr/lib/arm-none-eabi/lib/armv7e-m//libc.a(lib_a-vfiprintf.o)
 .bss           0x20003618        0x0 /usr/lib/arm-none-eabi/lib/armv7e-m//libc.a(lib_a-writer.o)
 .bss           0x20003618        0x0 /usr/lib/arm-none-eabi/lib/armv7e-m//libc.a(lib_a-callocr.o)
 .bss           0x20003618        0x0 /usr/lib/arm-none-eabi/lib/armv7e-m//libc.a(lib_a-closer.o)
 .bss           0x20003618        0x0 /usr/lib/arm-none-eabi/lib/armv7e-m//libc.a(lib_a-fclose.o)
 .bss           0x20003618        0x0 /usr/lib/arm-none-eabi/lib/armv7e-m//libc.a(lib_a-fputwc.o)
 .bss           0x20003618        0x0 /usr/lib/arm-none-eabi/lib/armv7e-m//libc.a(lib_a-fstatr.o)
 .bss           0x20003618        0x0 /usr/lib/arm-none-eabi/lib/armv7e-m//libc.a(lib_a-fvwrite.o)
 .bss           0x20003618        0x0 /usr/lib/arm-none-eabi/lib/armv7e-m//libc.a(lib_a-isattyr.o)
 .bss           0x20003618        0x0 /usr/lib/arm-none-eabi/lib/armv7e-m//libc.a(lib_a-lseekr.o)
 .bss           0x20003618        0x0 /usr/lib/arm-none-eabi/lib/armv7e-m//libc.a(lib_a-memmove.o)
 .bss           0x20003618        0x0 /usr/lib/arm-none-eabi/lib/armv7e-m//libc.a(lib_a-readr.o)
 .bss           0x20003618        0x0 /usr/lib/arm-none-eabi/lib/armv7e-m//libc.a(lib_a-reallocr.o)
 .bss           0x20003618        0x0 /usr/lib/arm-none-eabi/lib/armv7e-m//libc.a(lib_a-wbuf.o)
 .bss           0x20003618        0x0 /usr/lib/arm-none-eabi/lib/armv7e-m//libc.a(lib_a-wcrtomb.o)
 .bss           0x20003618        0x0 /usr/lib/arm-none-eabi/lib/armv7e-m//libc.a(lib_a-wctomb_r.o)
 .bss           0x20003618        0x0 /usr/lib/gcc/arm-none-eabi/4.8/armv7e-m//libgcc.a(_arm_addsubdf3.o)
 .bss           0x20003618        0x0 /usr/lib/gcc/arm-none-eabi/4.8/armv7e-m//libgcc.a(_arm_muldivdf3.o)
 .bss           0x20003618        0x0 /usr/lib/gcc/arm-none-eabi/4.8/armv7e-m//libgcc.a(_arm_cmpdf2.o)
 .bss           0x20003618        0x0 /usr/lib/gcc/arm-none-eabi/4.8/armv7e-m//libgcc.a(_arm_fixdfsi.o)
 .bss           0x20003618        0x0 /usr/lib/gcc/arm-none-eabi/4.8/armv7e-m//libgcc.a(_aeabi_uldivmod.o)
 .bss           0x20003618        0x0 /usr/lib/gcc/arm-none-eabi/4.8/armv7e-m//libgcc.a(bpabi.o)
 .bss           0x20003618        0x0 /usr/lib/gcc/arm-none-eabi/4.8/armv7e-m//libgcc.a(_dvmd_tls.o)
 .bss           0x20003618        0x0 /usr/lib/gcc/arm-none-eabi/4.8/armv7e-m//libgcc.a(_divdi3.o)
 .bss           0x20003618        0x0 /usr/lib/gcc/arm-none-eabi/4.8/armv7e-m//libgcc.a(_udivdi3.o)
 *(.bss*)
 .bss._PathLocale
                0x20003618        0x4 /usr/lib/arm-none-eabi/lib/armv7e-m//libc.a(lib_a-locale.o)
                0x20003618                _PathLocale
 .bss.__nlocale_changed
                0x2000361c        0x4 /usr/lib/arm-none-eabi/lib/armv7e-m//libc.a(lib_a-locale.o)
                0x2000361c                __nlocale_changed
 .bss.__mlocale_changed
                0x20003620        0x4 /usr/lib/arm-none-eabi/lib/armv7e-m//libc.a(lib_a-locale.o)
                0x20003620                __mlocale_changed
 .bss.__malloc_max_total_mem
                0x20003624        0x4 /usr/lib/arm-none-eabi/lib/armv7e-m//libc.a(lib_a-mallocr.o)
                0x20003624                __malloc_max_total_mem
 .bss.__malloc_max_sbrked_mem
                0x20003628        0x4 /usr/lib/arm-none-eabi/lib/armv7e-m//libc.a(lib_a-mallocr.o)
                0x20003628                __malloc_max_sbrked_mem
 .bss.__malloc_top_pad
                0x2000362c        0x4 /usr/lib/arm-none-eabi/lib/armv7e-m//libc.a(lib_a-mallocr.o)
                0x2000362c                __malloc_top_pad
 .bss.__malloc_current_mallinfo
                0x20003630       0x28 /usr/lib/arm-none-eabi/lib/armv7e-m//libc.a(lib_a-mallocr.o)
                0x20003630                __malloc_current_mallinfo
 *(COMMON)
 COMMON         0x20003658        0x4 /usr/lib/arm-none-eabi/lib/armv7e-m//libc.a(lib_a-reent.o)
                0x20003658                errno
                0x2000365c                . = ALIGN (0x4)
                0x2000365c                _bss_end = .
                0x2000365c                __bss_end__ = _bss_end
                0x00000400                _stack_size = 0x400
                0x20020000                _stack_end = (ORIGIN (RAM) + 0x20000)
                0x2001fc00                _stack_begin = (_stack_end - _stack_size)
                0x2001fc00                . = _stack_begin

._stack         0x2000365c      0x400 load address 0x0800ede8
                0x20003a5c                . = (. + _stack_size)
 *fill*         0x2000365c      0x400 
LOAD main.o
LOAD system.o
LOAD startup.o
LOAD uart.o
LOAD xprintf.o
LOAD adc.o
LOAD dac.o
LOAD cos_sin_tbl.o
LOAD modbus_rtu.o
LOAD crc.o
LOAD spi.o
LOAD reg.o
LOAD i2c.o
LOAD attenuator.o
LOAD apl602.o
LOAD stubs.o
START GROUP
LOAD /usr/lib/gcc/arm-none-eabi/4.8/armv7e-m//libgcc.a
LOAD /usr/lib/arm-none-eabi/lib/armv7e-m//libm.a
LOAD ../STM32F4xx_DSP_StdPeriph_Lib_V1.7.0/Libraries/CMSIS/Lib/GCC//libarm_cortexM4l_math.a
LOAD /usr/lib/arm-none-eabi/lib/armv7e-m//libc.a
END GROUP
OUTPUT(test.elf elf32-littlearm)

.debug_info     0x00000000    0x1f8ca
 .debug_info    0x00000000      0x385 main.o
 .debug_info    0x00000385      0xa46 system.o
 .debug_info    0x00000dcb       0xec startup.o
 .debug_info    0x00000eb7      0x92c uart.o
 .debug_info    0x000017e3      0x4c9 xprintf.o
 .debug_info    0x00001cac      0xa8e adc.o
 .debug_info    0x0000273a      0x621 dac.o
 .debug_info    0x00002d5b       0x52 cos_sin_tbl.o
 .debug_info    0x00002dad     0x1005 modbus_rtu.o
 .debug_info    0x00003db2       0xe6 crc.o
 .debug_info    0x00003e98      0xe59 spi.o
 .debug_info    0x00004cf1      0x786 reg.o
 .debug_info    0x00005477      0x986 i2c.o
 .debug_info    0x00005dfd      0x2e1 attenuator.o
 .debug_info    0x000060de       0xb9 apl602.o
 .debug_info    0x00006197      0x6ae stubs.o
 .debug_info    0x00006845      0x9ab /usr/lib/arm-none-eabi/lib/armv7e-m//libc.a(lib_a-printf.o)
 .debug_info    0x000071f0      0x9fb /usr/lib/arm-none-eabi/lib/armv7e-m//libc.a(lib_a-reent.o)
 .debug_info    0x00007beb     0x1856 /usr/lib/arm-none-eabi/lib/armv7e-m//libc.a(lib_a-vfprintf.o)
 .debug_info    0x00009441      0x93b /usr/lib/arm-none-eabi/lib/armv7e-m//libc.a(lib_a-wsetup.o)
 .debug_info    0x00009d7c     0x134f /usr/lib/arm-none-eabi/lib/armv7e-m//libc.a(lib_a-dtoa.o)
 .debug_info    0x0000b0cb      0xab1 /usr/lib/arm-none-eabi/lib/armv7e-m//libc.a(lib_a-fflush.o)
 .debug_info    0x0000bb7c      0xd70 /usr/lib/arm-none-eabi/lib/armv7e-m//libc.a(lib_a-findfp.o)
 .debug_info    0x0000c8ec      0xc1a /usr/lib/arm-none-eabi/lib/armv7e-m//libc.a(lib_a-freer.o)
 .debug_info    0x0000d506      0x99c /usr/lib/arm-none-eabi/lib/armv7e-m//libc.a(lib_a-fwalk.o)
 .debug_info    0x0000dea2      0x894 /usr/lib/arm-none-eabi/lib/armv7e-m//libc.a(lib_a-impure.o)
 .debug_info    0x0000e736      0xbe5 /usr/lib/arm-none-eabi/lib/armv7e-m//libc.a(lib_a-locale.o)
 .debug_info    0x0000f31b      0xae6 /usr/lib/arm-none-eabi/lib/armv7e-m//libc.a(lib_a-makebuf.o)
 .debug_info    0x0000fe01      0xd81 /usr/lib/arm-none-eabi/lib/armv7e-m//libc.a(lib_a-mallocr.o)
 .debug_info    0x00010b82      0x129 /usr/lib/arm-none-eabi/lib/armv7e-m//libc.a(lib_a-memchr-stub.o)
 .debug_info    0x00010cab       0xd7 /usr/lib/arm-none-eabi/lib/armv7e-m//libc.a(lib_a-memcpy.o)
 .debug_info    0x00010d82      0x117 /usr/lib/arm-none-eabi/lib/armv7e-m//libc.a(lib_a-memset.o)
 .debug_info    0x00010e99      0x8b4 /usr/lib/arm-none-eabi/lib/armv7e-m//libc.a(lib_a-mlock.o)
 .debug_info    0x0001174d     0x1679 /usr/lib/arm-none-eabi/lib/armv7e-m//libc.a(lib_a-mprec.o)
 .debug_info    0x00012dc6      0x8f4 /usr/lib/arm-none-eabi/lib/armv7e-m//libc.a(lib_a-sbrkr.o)
 .debug_info    0x000136ba       0xdb /usr/lib/arm-none-eabi/lib/armv7e-m//libc.a(lib_a-s_fpclassify.o)
 .debug_info    0x00013795      0xb8a /usr/lib/arm-none-eabi/lib/armv7e-m//libc.a(lib_a-stdio.o)
 .debug_info    0x0001431f       0xd6 /usr/lib/arm-none-eabi/lib/armv7e-m//libc.a(lib_a-strcmp.o)
 .debug_info    0x000143f5       0xb5 /usr/lib/arm-none-eabi/lib/armv7e-m//libc.a(lib_a-strlen.o)
 .debug_info    0x000144aa     0x152f /usr/lib/arm-none-eabi/lib/armv7e-m//libc.a(lib_a-vfiprintf.o)
 .debug_info    0x000159d9      0x929 /usr/lib/arm-none-eabi/lib/armv7e-m//libc.a(lib_a-writer.o)
 .debug_info    0x00016302      0x9e0 /usr/lib/arm-none-eabi/lib/armv7e-m//libc.a(lib_a-callocr.o)
 .debug_info    0x00016ce2      0x8e0 /usr/lib/arm-none-eabi/lib/armv7e-m//libc.a(lib_a-closer.o)
 .debug_info    0x000175c2      0x9e4 /usr/lib/arm-none-eabi/lib/armv7e-m//libc.a(lib_a-fclose.o)
 .debug_info    0x00017fa6      0xac7 /usr/lib/arm-none-eabi/lib/armv7e-m//libc.a(lib_a-fputwc.o)
 .debug_info    0x00018a6d      0xa5e /usr/lib/arm-none-eabi/lib/armv7e-m//libc.a(lib_a-fstatr.o)
 .debug_info    0x000194cb      0xc53 /usr/lib/arm-none-eabi/lib/armv7e-m//libc.a(lib_a-fvwrite.o)
 .debug_info    0x0001a11e      0x8e0 /usr/lib/arm-none-eabi/lib/armv7e-m//libc.a(lib_a-isattyr.o)
 .debug_info    0x0001a9fe      0x90c /usr/lib/arm-none-eabi/lib/armv7e-m//libc.a(lib_a-lseekr.o)
 .debug_info    0x0001b30a      0x131 /usr/lib/arm-none-eabi/lib/armv7e-m//libc.a(lib_a-memmove.o)
 .debug_info    0x0001b43b      0x922 /usr/lib/arm-none-eabi/lib/armv7e-m//libc.a(lib_a-readr.o)
 .debug_info    0x0001bd5d      0xcbe /usr/lib/arm-none-eabi/lib/armv7e-m//libc.a(lib_a-reallocr.o)
 .debug_info    0x0001ca1b      0x9cc /usr/lib/arm-none-eabi/lib/armv7e-m//libc.a(lib_a-wbuf.o)
 .debug_info    0x0001d3e7      0xa75 /usr/lib/arm-none-eabi/lib/armv7e-m//libc.a(lib_a-wcrtomb.o)
 .debug_info    0x0001de5c      0x9b5 /usr/lib/arm-none-eabi/lib/armv7e-m//libc.a(lib_a-wctomb_r.o)
 .debug_info    0x0001e811       0xb4 /usr/lib/gcc/arm-none-eabi/4.8/armv7e-m//libgcc.a(_arm_addsubdf3.o)
 .debug_info    0x0001e8c5       0xb4 /usr/lib/gcc/arm-none-eabi/4.8/armv7e-m//libgcc.a(_arm_muldivdf3.o)
 .debug_info    0x0001e979       0xb4 /usr/lib/gcc/arm-none-eabi/4.8/armv7e-m//libgcc.a(_arm_cmpdf2.o)
 .debug_info    0x0001ea2d       0xb4 /usr/lib/gcc/arm-none-eabi/4.8/armv7e-m//libgcc.a(_arm_fixdfsi.o)
 .debug_info    0x0001eae1       0xaf /usr/lib/gcc/arm-none-eabi/4.8/armv7e-m//libgcc.a(_aeabi_uldivmod.o)
 .debug_info    0x0001eb90      0x164 /usr/lib/gcc/arm-none-eabi/4.8/armv7e-m//libgcc.a(bpabi.o)
 .debug_info    0x0001ecf4       0xb3 /usr/lib/gcc/arm-none-eabi/4.8/armv7e-m//libgcc.a(_dvmd_tls.o)
 .debug_info    0x0001eda7      0x5ac /usr/lib/gcc/arm-none-eabi/4.8/armv7e-m//libgcc.a(_divdi3.o)
 .debug_info    0x0001f353      0x577 /usr/lib/gcc/arm-none-eabi/4.8/armv7e-m//libgcc.a(_udivdi3.o)

.debug_abbrev   0x00000000     0x68b7
 .debug_abbrev  0x00000000      0x14b main.o
 .debug_abbrev  0x0000014b      0x1af system.o
 .debug_abbrev  0x000002fa       0xab startup.o
 .debug_abbrev  0x000003a5      0x1a6 uart.o
 .debug_abbrev  0x0000054b      0x194 xprintf.o
 .debug_abbrev  0x000006df      0x150 adc.o
 .debug_abbrev  0x0000082f       0xee dac.o
 .debug_abbrev  0x0000091d       0x50 cos_sin_tbl.o
 .debug_abbrev  0x0000096d      0x235 modbus_rtu.o
 .debug_abbrev  0x00000ba2       0x9f crc.o
 .debug_abbrev  0x00000c41      0x2a5 spi.o
 .debug_abbrev  0x00000ee6      0x1e8 reg.o
 .debug_abbrev  0x000010ce      0x25a i2c.o
 .debug_abbrev  0x00001328       0xfa attenuator.o
 .debug_abbrev  0x00001422       0x75 apl602.o
 .debug_abbrev  0x00001497      0x1d1 stubs.o
 .debug_abbrev  0x00001668      0x227 /usr/lib/arm-none-eabi/lib/armv7e-m//libc.a(lib_a-printf.o)
 .debug_abbrev  0x0000188f      0x258 /usr/lib/arm-none-eabi/lib/armv7e-m//libc.a(lib_a-reent.o)
 .debug_abbrev  0x00001ae7      0x3cd /usr/lib/arm-none-eabi/lib/armv7e-m//libc.a(lib_a-vfprintf.o)
 .debug_abbrev  0x00001eb4      0x20b /usr/lib/arm-none-eabi/lib/armv7e-m//libc.a(lib_a-wsetup.o)
 .debug_abbrev  0x000020bf      0x2bc /usr/lib/arm-none-eabi/lib/armv7e-m//libc.a(lib_a-dtoa.o)
 .debug_abbrev  0x0000237b      0x292 /usr/lib/arm-none-eabi/lib/armv7e-m//libc.a(lib_a-fflush.o)
 .debug_abbrev  0x0000260d      0x32f /usr/lib/arm-none-eabi/lib/armv7e-m//libc.a(lib_a-findfp.o)
 .debug_abbrev  0x0000293c      0x28a /usr/lib/arm-none-eabi/lib/armv7e-m//libc.a(lib_a-freer.o)
 .debug_abbrev  0x00002bc6      0x1d1 /usr/lib/arm-none-eabi/lib/armv7e-m//libc.a(lib_a-fwalk.o)
 .debug_abbrev  0x00002d97      0x180 /usr/lib/arm-none-eabi/lib/armv7e-m//libc.a(lib_a-impure.o)
 .debug_abbrev  0x00002f17      0x2a3 /usr/lib/arm-none-eabi/lib/armv7e-m//libc.a(lib_a-locale.o)
 .debug_abbrev  0x000031ba      0x206 /usr/lib/arm-none-eabi/lib/armv7e-m//libc.a(lib_a-makebuf.o)
 .debug_abbrev  0x000033c0      0x2a2 /usr/lib/arm-none-eabi/lib/armv7e-m//libc.a(lib_a-mallocr.o)
 .debug_abbrev  0x00003662       0xba /usr/lib/arm-none-eabi/lib/armv7e-m//libc.a(lib_a-memchr-stub.o)
 .debug_abbrev  0x0000371c       0x14 /usr/lib/arm-none-eabi/lib/armv7e-m//libc.a(lib_a-memcpy.o)
 .debug_abbrev  0x00003730       0x9f /usr/lib/arm-none-eabi/lib/armv7e-m//libc.a(lib_a-memset.o)
 .debug_abbrev  0x000037cf      0x19a /usr/lib/arm-none-eabi/lib/armv7e-m//libc.a(lib_a-mlock.o)
 .debug_abbrev  0x00003969      0x39d /usr/lib/arm-none-eabi/lib/armv7e-m//libc.a(lib_a-mprec.o)
 .debug_abbrev  0x00003d06      0x1fd /usr/lib/arm-none-eabi/lib/armv7e-m//libc.a(lib_a-sbrkr.o)
 .debug_abbrev  0x00003f03       0x6f /usr/lib/arm-none-eabi/lib/armv7e-m//libc.a(lib_a-s_fpclassify.o)
 .debug_abbrev  0x00003f72      0x246 /usr/lib/arm-none-eabi/lib/armv7e-m//libc.a(lib_a-stdio.o)
 .debug_abbrev  0x000041b8       0x14 /usr/lib/arm-none-eabi/lib/armv7e-m//libc.a(lib_a-strcmp.o)
 .debug_abbrev  0x000041cc       0x70 /usr/lib/arm-none-eabi/lib/armv7e-m//libc.a(lib_a-strlen.o)
 .debug_abbrev  0x0000423c      0x3cb /usr/lib/arm-none-eabi/lib/armv7e-m//libc.a(lib_a-vfiprintf.o)
 .debug_abbrev  0x00004607      0x1f4 /usr/lib/arm-none-eabi/lib/armv7e-m//libc.a(lib_a-writer.o)
 .debug_abbrev  0x000047fb      0x213 /usr/lib/arm-none-eabi/lib/armv7e-m//libc.a(lib_a-callocr.o)
 .debug_abbrev  0x00004a0e      0x1ef /usr/lib/arm-none-eabi/lib/armv7e-m//libc.a(lib_a-closer.o)
 .debug_abbrev  0x00004bfd      0x273 /usr/lib/arm-none-eabi/lib/armv7e-m//libc.a(lib_a-fclose.o)
 .debug_abbrev  0x00004e70      0x2ac /usr/lib/arm-none-eabi/lib/armv7e-m//libc.a(lib_a-fputwc.o)
 .debug_abbrev  0x0000511c      0x1fe /usr/lib/arm-none-eabi/lib/armv7e-m//libc.a(lib_a-fstatr.o)
 .debug_abbrev  0x0000531a      0x24a /usr/lib/arm-none-eabi/lib/armv7e-m//libc.a(lib_a-fvwrite.o)
 .debug_abbrev  0x00005564      0x1ef /usr/lib/arm-none-eabi/lib/armv7e-m//libc.a(lib_a-isattyr.o)
 .debug_abbrev  0x00005753      0x1fe /usr/lib/arm-none-eabi/lib/armv7e-m//libc.a(lib_a-lseekr.o)
 .debug_abbrev  0x00005951       0xab /usr/lib/arm-none-eabi/lib/armv7e-m//libc.a(lib_a-memmove.o)
 .debug_abbrev  0x000059fc      0x1ef /usr/lib/arm-none-eabi/lib/armv7e-m//libc.a(lib_a-readr.o)
 .debug_abbrev  0x00005beb      0x260 /usr/lib/arm-none-eabi/lib/armv7e-m//libc.a(lib_a-reallocr.o)
 .debug_abbrev  0x00005e4b      0x25b /usr/lib/arm-none-eabi/lib/armv7e-m//libc.a(lib_a-wbuf.o)
 .debug_abbrev  0x000060a6      0x222 /usr/lib/arm-none-eabi/lib/armv7e-m//libc.a(lib_a-wcrtomb.o)
 .debug_abbrev  0x000062c8      0x212 /usr/lib/arm-none-eabi/lib/armv7e-m//libc.a(lib_a-wctomb_r.o)
 .debug_abbrev  0x000064da       0x14 /usr/lib/gcc/arm-none-eabi/4.8/armv7e-m//libgcc.a(_arm_addsubdf3.o)
 .debug_abbrev  0x000064ee       0x14 /usr/lib/gcc/arm-none-eabi/4.8/armv7e-m//libgcc.a(_arm_muldivdf3.o)
 .debug_abbrev  0x00006502       0x14 /usr/lib/gcc/arm-none-eabi/4.8/armv7e-m//libgcc.a(_arm_cmpdf2.o)
 .debug_abbrev  0x00006516       0x14 /usr/lib/gcc/arm-none-eabi/4.8/armv7e-m//libgcc.a(_arm_fixdfsi.o)
 .debug_abbrev  0x0000652a       0x14 /usr/lib/gcc/arm-none-eabi/4.8/armv7e-m//libgcc.a(_aeabi_uldivmod.o)
 .debug_abbrev  0x0000653e       0xb7 /usr/lib/gcc/arm-none-eabi/4.8/armv7e-m//libgcc.a(bpabi.o)
 .debug_abbrev  0x000065f5       0x14 /usr/lib/gcc/arm-none-eabi/4.8/armv7e-m//libgcc.a(_dvmd_tls.o)
 .debug_abbrev  0x00006609      0x15a /usr/lib/gcc/arm-none-eabi/4.8/armv7e-m//libgcc.a(_divdi3.o)
 .debug_abbrev  0x00006763      0x154 /usr/lib/gcc/arm-none-eabi/4.8/armv7e-m//libgcc.a(_udivdi3.o)

.debug_aranges  0x00000000      0x9c8
 .debug_aranges
                0x00000000       0x20 main.o
 .debug_aranges
                0x00000020       0x20 system.o
 .debug_aranges
                0x00000040       0x20 startup.o
 .debug_aranges
                0x00000060       0x20 uart.o
 .debug_aranges
                0x00000080       0x20 xprintf.o
 .debug_aranges
                0x000000a0       0x20 adc.o
 .debug_aranges
                0x000000c0       0x20 dac.o
 .debug_aranges
                0x000000e0       0x18 cos_sin_tbl.o
 .debug_aranges
                0x000000f8       0x20 modbus_rtu.o
 .debug_aranges
                0x00000118       0x20 crc.o
 .debug_aranges
                0x00000138       0x20 spi.o
 .debug_aranges
                0x00000158       0x20 reg.o
 .debug_aranges
                0x00000178       0x20 i2c.o
 .debug_aranges
                0x00000198       0x20 attenuator.o
 .debug_aranges
                0x000001b8       0x18 apl602.o
 .debug_aranges
                0x000001d0       0x20 stubs.o
 .debug_aranges
                0x000001f0       0x28 /usr/lib/arm-none-eabi/lib/armv7e-m//libc.a(lib_a-printf.o)
 .debug_aranges
                0x00000218       0x28 /usr/lib/arm-none-eabi/lib/armv7e-m//libc.a(lib_a-reent.o)
 .debug_aranges
                0x00000240       0x30 /usr/lib/arm-none-eabi/lib/armv7e-m//libc.a(lib_a-vfprintf.o)
 .debug_aranges
                0x00000270       0x20 /usr/lib/arm-none-eabi/lib/armv7e-m//libc.a(lib_a-wsetup.o)
 .debug_aranges
                0x00000290       0x28 /usr/lib/arm-none-eabi/lib/armv7e-m//libc.a(lib_a-dtoa.o)
 .debug_aranges
                0x000002b8       0x30 /usr/lib/arm-none-eabi/lib/armv7e-m//libc.a(lib_a-fflush.o)
 .debug_aranges
                0x000002e8       0x80 /usr/lib/arm-none-eabi/lib/armv7e-m//libc.a(lib_a-findfp.o)
 .debug_aranges
                0x00000368       0x28 /usr/lib/arm-none-eabi/lib/armv7e-m//libc.a(lib_a-freer.o)
 .debug_aranges
                0x00000390       0x28 /usr/lib/arm-none-eabi/lib/armv7e-m//libc.a(lib_a-fwalk.o)
 .debug_aranges
                0x000003b8       0x18 /usr/lib/arm-none-eabi/lib/armv7e-m//libc.a(lib_a-impure.o)
 .debug_aranges
                0x000003d0       0x58 /usr/lib/arm-none-eabi/lib/armv7e-m//libc.a(lib_a-locale.o)
 .debug_aranges
                0x00000428       0x20 /usr/lib/arm-none-eabi/lib/armv7e-m//libc.a(lib_a-makebuf.o)
 .debug_aranges
                0x00000448       0x20 /usr/lib/arm-none-eabi/lib/armv7e-m//libc.a(lib_a-mallocr.o)
 .debug_aranges
                0x00000468       0x20 /usr/lib/arm-none-eabi/lib/armv7e-m//libc.a(lib_a-memchr-stub.o)
 .debug_aranges
                0x00000488       0x20 /usr/lib/arm-none-eabi/lib/armv7e-m//libc.a(lib_a-memcpy.o)
 .debug_aranges
                0x000004a8       0x20 /usr/lib/arm-none-eabi/lib/armv7e-m//libc.a(lib_a-memset.o)
 .debug_aranges
                0x000004c8       0x28 /usr/lib/arm-none-eabi/lib/armv7e-m//libc.a(lib_a-mlock.o)
 .debug_aranges
                0x000004f0       0xb0 /usr/lib/arm-none-eabi/lib/armv7e-m//libc.a(lib_a-mprec.o)
 .debug_aranges
                0x000005a0       0x20 /usr/lib/arm-none-eabi/lib/armv7e-m//libc.a(lib_a-sbrkr.o)
 .debug_aranges
                0x000005c0       0x20 /usr/lib/arm-none-eabi/lib/armv7e-m//libc.a(lib_a-s_fpclassify.o)
 .debug_aranges
                0x000005e0       0x40 /usr/lib/arm-none-eabi/lib/armv7e-m//libc.a(lib_a-stdio.o)
 .debug_aranges
                0x00000620       0x20 /usr/lib/arm-none-eabi/lib/armv7e-m//libc.a(lib_a-strcmp.o)
 .debug_aranges
                0x00000640       0x20 /usr/lib/arm-none-eabi/lib/armv7e-m//libc.a(lib_a-strlen.o)
 .debug_aranges
                0x00000660       0x40 /usr/lib/arm-none-eabi/lib/armv7e-m//libc.a(lib_a-vfiprintf.o)
 .debug_aranges
                0x000006a0       0x20 /usr/lib/arm-none-eabi/lib/armv7e-m//libc.a(lib_a-writer.o)
 .debug_aranges
                0x000006c0       0x20 /usr/lib/arm-none-eabi/lib/armv7e-m//libc.a(lib_a-callocr.o)
 .debug_aranges
                0x000006e0       0x20 /usr/lib/arm-none-eabi/lib/armv7e-m//libc.a(lib_a-closer.o)
 .debug_aranges
                0x00000700       0x28 /usr/lib/arm-none-eabi/lib/armv7e-m//libc.a(lib_a-fclose.o)
 .debug_aranges
                0x00000728       0x28 /usr/lib/arm-none-eabi/lib/armv7e-m//libc.a(lib_a-fputwc.o)
 .debug_aranges
                0x00000750       0x20 /usr/lib/arm-none-eabi/lib/armv7e-m//libc.a(lib_a-fstatr.o)
 .debug_aranges
                0x00000770       0x20 /usr/lib/arm-none-eabi/lib/armv7e-m//libc.a(lib_a-fvwrite.o)
 .debug_aranges
                0x00000790       0x20 /usr/lib/arm-none-eabi/lib/armv7e-m//libc.a(lib_a-isattyr.o)
 .debug_aranges
                0x000007b0       0x20 /usr/lib/arm-none-eabi/lib/armv7e-m//libc.a(lib_a-lseekr.o)
 .debug_aranges
                0x000007d0       0x20 /usr/lib/arm-none-eabi/lib/armv7e-m//libc.a(lib_a-memmove.o)
 .debug_aranges
                0x000007f0       0x20 /usr/lib/arm-none-eabi/lib/armv7e-m//libc.a(lib_a-readr.o)
 .debug_aranges
                0x00000810       0x20 /usr/lib/arm-none-eabi/lib/armv7e-m//libc.a(lib_a-reallocr.o)
 .debug_aranges
                0x00000830       0x28 /usr/lib/arm-none-eabi/lib/armv7e-m//libc.a(lib_a-wbuf.o)
 .debug_aranges
                0x00000858       0x28 /usr/lib/arm-none-eabi/lib/armv7e-m//libc.a(lib_a-wcrtomb.o)
 .debug_aranges
                0x00000880       0x28 /usr/lib/arm-none-eabi/lib/armv7e-m//libc.a(lib_a-wctomb_r.o)
 .debug_aranges
                0x000008a8       0x20 /usr/lib/gcc/arm-none-eabi/4.8/armv7e-m//libgcc.a(_arm_addsubdf3.o)
 .debug_aranges
                0x000008c8       0x20 /usr/lib/gcc/arm-none-eabi/4.8/armv7e-m//libgcc.a(_arm_muldivdf3.o)
 .debug_aranges
                0x000008e8       0x20 /usr/lib/gcc/arm-none-eabi/4.8/armv7e-m//libgcc.a(_arm_cmpdf2.o)
 .debug_aranges
                0x00000908       0x20 /usr/lib/gcc/arm-none-eabi/4.8/armv7e-m//libgcc.a(_arm_fixdfsi.o)
 .debug_aranges
                0x00000928       0x20 /usr/lib/gcc/arm-none-eabi/4.8/armv7e-m//libgcc.a(_aeabi_uldivmod.o)
 .debug_aranges
                0x00000948       0x20 /usr/lib/gcc/arm-none-eabi/4.8/armv7e-m//libgcc.a(bpabi.o)
 .debug_aranges
                0x00000968       0x20 /usr/lib/gcc/arm-none-eabi/4.8/armv7e-m//libgcc.a(_dvmd_tls.o)
 .debug_aranges
                0x00000988       0x20 /usr/lib/gcc/arm-none-eabi/4.8/armv7e-m//libgcc.a(_divdi3.o)
 .debug_aranges
                0x000009a8       0x20 /usr/lib/gcc/arm-none-eabi/4.8/armv7e-m//libgcc.a(_udivdi3.o)

.debug_line     0x00000000     0x782f
 .debug_line    0x00000000      0x12f main.o
 .debug_line    0x0000012f      0x1b2 system.o
 .debug_line    0x000002e1       0x51 startup.o
 .debug_line    0x00000332      0x18d uart.o
 .debug_line    0x000004bf      0x2c4 xprintf.o
 .debug_line    0x00000783      0x171 adc.o
 .debug_line    0x000008f4      0x136 dac.o
 .debug_line    0x00000a2a       0x2e cos_sin_tbl.o
 .debug_line    0x00000a58      0x353 modbus_rtu.o
 .debug_line    0x00000dab       0x55 crc.o
 .debug_line    0x00000e00      0x281 spi.o
 .debug_line    0x00001081      0x1b4 reg.o
 .debug_line    0x00001235      0x1c7 i2c.o
 .debug_line    0x000013fc      0x15b attenuator.o
 .debug_line    0x00001557       0xac apl602.o
 .debug_line    0x00001603      0x1a2 stubs.o
 .debug_line    0x000017a5      0x199 /usr/lib/arm-none-eabi/lib/armv7e-m//libc.a(lib_a-printf.o)
 .debug_line    0x0000193e      0x1a1 /usr/lib/arm-none-eabi/lib/armv7e-m//libc.a(lib_a-reent.o)
 .debug_line    0x00001adf      0x9b6 /usr/lib/arm-none-eabi/lib/armv7e-m//libc.a(lib_a-vfprintf.o)
 .debug_line    0x00002495      0x1c7 /usr/lib/arm-none-eabi/lib/armv7e-m//libc.a(lib_a-wsetup.o)
 .debug_line    0x0000265c      0x67e /usr/lib/arm-none-eabi/lib/armv7e-m//libc.a(lib_a-dtoa.o)
 .debug_line    0x00002cda      0x261 /usr/lib/arm-none-eabi/lib/armv7e-m//libc.a(lib_a-fflush.o)
 .debug_line    0x00002f3b      0x304 /usr/lib/arm-none-eabi/lib/armv7e-m//libc.a(lib_a-findfp.o)
 .debug_line    0x0000323f      0x272 /usr/lib/arm-none-eabi/lib/armv7e-m//libc.a(lib_a-freer.o)
 .debug_line    0x000034b1      0x1c7 /usr/lib/arm-none-eabi/lib/armv7e-m//libc.a(lib_a-fwalk.o)
 .debug_line    0x00003678       0xf5 /usr/lib/arm-none-eabi/lib/armv7e-m//libc.a(lib_a-impure.o)
 .debug_line    0x0000376d      0x204 /usr/lib/arm-none-eabi/lib/armv7e-m//libc.a(lib_a-locale.o)
 .debug_line    0x00003971      0x1e6 /usr/lib/arm-none-eabi/lib/armv7e-m//libc.a(lib_a-makebuf.o)
 .debug_line    0x00003b57      0x391 /usr/lib/arm-none-eabi/lib/armv7e-m//libc.a(lib_a-mallocr.o)
 .debug_line    0x00003ee8      0x134 /usr/lib/arm-none-eabi/lib/armv7e-m//libc.a(lib_a-memchr-stub.o)
 .debug_line    0x0000401c       0xb8 /usr/lib/arm-none-eabi/lib/armv7e-m//libc.a(lib_a-memcpy.o)
 .debug_line    0x000040d4      0x127 /usr/lib/arm-none-eabi/lib/armv7e-m//libc.a(lib_a-memset.o)
 .debug_line    0x000041fb      0x113 /usr/lib/arm-none-eabi/lib/armv7e-m//libc.a(lib_a-mlock.o)
 .debug_line    0x0000430e      0x6b4 /usr/lib/arm-none-eabi/lib/armv7e-m//libc.a(lib_a-mprec.o)
 .debug_line    0x000049c2      0x16b /usr/lib/arm-none-eabi/lib/armv7e-m//libc.a(lib_a-sbrkr.o)
 .debug_line    0x00004b2d      0x14b /usr/lib/arm-none-eabi/lib/armv7e-m//libc.a(lib_a-s_fpclassify.o)
 .debug_line    0x00004c78      0x1da /usr/lib/arm-none-eabi/lib/armv7e-m//libc.a(lib_a-stdio.o)
 .debug_line    0x00004e52      0x13c /usr/lib/arm-none-eabi/lib/armv7e-m//libc.a(lib_a-strcmp.o)
 .debug_line    0x00004f8e       0xf6 /usr/lib/arm-none-eabi/lib/armv7e-m//libc.a(lib_a-strlen.o)
 .debug_line    0x00005084      0x71d /usr/lib/arm-none-eabi/lib/armv7e-m//libc.a(lib_a-vfiprintf.o)
 .debug_line    0x000057a1      0x16d /usr/lib/arm-none-eabi/lib/armv7e-m//libc.a(lib_a-writer.o)
 .debug_line    0x0000590e      0x130 /usr/lib/arm-none-eabi/lib/armv7e-m//libc.a(lib_a-callocr.o)
 .debug_line    0x00005a3e      0x16c /usr/lib/arm-none-eabi/lib/armv7e-m//libc.a(lib_a-closer.o)
 .debug_line    0x00005baa      0x1cd /usr/lib/arm-none-eabi/lib/armv7e-m//libc.a(lib_a-fclose.o)
 .debug_line    0x00005d77      0x1d4 /usr/lib/arm-none-eabi/lib/armv7e-m//libc.a(lib_a-fputwc.o)
 .debug_line    0x00005f4b      0x181 /usr/lib/arm-none-eabi/lib/armv7e-m//libc.a(lib_a-fstatr.o)
 .debug_line    0x000060cc      0x2ca /usr/lib/arm-none-eabi/lib/armv7e-m//libc.a(lib_a-fvwrite.o)
 .debug_line    0x00006396      0x16d /usr/lib/arm-none-eabi/lib/armv7e-m//libc.a(lib_a-isattyr.o)
 .debug_line    0x00006503      0x16d /usr/lib/arm-none-eabi/lib/armv7e-m//libc.a(lib_a-lseekr.o)
 .debug_line    0x00006670      0x12f /usr/lib/arm-none-eabi/lib/armv7e-m//libc.a(lib_a-memmove.o)
 .debug_line    0x0000679f      0x16c /usr/lib/arm-none-eabi/lib/armv7e-m//libc.a(lib_a-readr.o)
 .debug_line    0x0000690b      0x294 /usr/lib/arm-none-eabi/lib/armv7e-m//libc.a(lib_a-reallocr.o)
 .debug_line    0x00006b9f      0x1ea /usr/lib/arm-none-eabi/lib/armv7e-m//libc.a(lib_a-wbuf.o)
 .debug_line    0x00006d89      0x1a6 /usr/lib/arm-none-eabi/lib/armv7e-m//libc.a(lib_a-wcrtomb.o)
 .debug_line    0x00006f2f      0x19b /usr/lib/arm-none-eabi/lib/armv7e-m//libc.a(lib_a-wctomb_r.o)
 .debug_line    0x000070ca      0x17c /usr/lib/gcc/arm-none-eabi/4.8/armv7e-m//libgcc.a(_arm_addsubdf3.o)
 .debug_line    0x00007246      0x1a0 /usr/lib/gcc/arm-none-eabi/4.8/armv7e-m//libgcc.a(_arm_muldivdf3.o)
 .debug_line    0x000073e6       0xbd /usr/lib/gcc/arm-none-eabi/4.8/armv7e-m//libgcc.a(_arm_cmpdf2.o)
 .debug_line    0x000074a3       0x7d /usr/lib/gcc/arm-none-eabi/4.8/armv7e-m//libgcc.a(_arm_fixdfsi.o)
 .debug_line    0x00007520       0x68 /usr/lib/gcc/arm-none-eabi/4.8/armv7e-m//libgcc.a(_aeabi_uldivmod.o)
 .debug_line    0x00007588       0x68 /usr/lib/gcc/arm-none-eabi/4.8/armv7e-m//libgcc.a(bpabi.o)
 .debug_line    0x000075f0       0x64 /usr/lib/gcc/arm-none-eabi/4.8/armv7e-m//libgcc.a(_dvmd_tls.o)
 .debug_line    0x00007654       0xec /usr/lib/gcc/arm-none-eabi/4.8/armv7e-m//libgcc.a(_divdi3.o)
 .debug_line    0x00007740       0xef /usr/lib/gcc/arm-none-eabi/4.8/armv7e-m//libgcc.a(_udivdi3.o)

.debug_str      0x00000000     0x30e0
 .debug_str     0x00000000      0x1c9 main.o
                                0x225 (size before relaxing)
 .debug_str     0x000001c9      0x7e3 system.o
                                0x941 (size before relaxing)
 .debug_str     0x000009ac       0x93 startup.o
                                0x141 (size before relaxing)
 .debug_str     0x00000a3f       0xa1 uart.o
                                0x88c (size before relaxing)
 .debug_str     0x00000ae0       0x95 xprintf.o
                                0x19b (size before relaxing)
 .debug_str     0x00000b75      0x162 adc.o
                                0x957 (size before relaxing)
 .debug_str     0x00000cd7       0x91 dac.o
                                0x3cc (size before relaxing)
 .debug_str     0x00000d68       0x18 cos_sin_tbl.o
                                 0xb4 (size before relaxing)
 .debug_str     0x00000d80      0x2c1 modbus_rtu.o
                                0xaf4 (size before relaxing)
 .debug_str     0x00001041       0x38 crc.o
                                 0xf5 (size before relaxing)
 .debug_str     0x00001079      0x18c spi.o
                                0xa76 (size before relaxing)
 .debug_str     0x00001205      0x118 reg.o
                                0x3c1 (size before relaxing)
 .debug_str     0x0000131d       0xbb i2c.o
                                0x8f2 (size before relaxing)
 .debug_str     0x000013d8       0x2e attenuator.o
                                0x20b (size before relaxing)
 .debug_str     0x00001406        0x9 apl602.o
                                0x153 (size before relaxing)
 .debug_str     0x0000140f      0x1d0 stubs.o
                                0x36b (size before relaxing)
 .debug_str     0x000015df      0x489 /usr/lib/arm-none-eabi/lib/armv7e-m//libc.a(lib_a-printf.o)
                                0x5bb (size before relaxing)
 .debug_str     0x00001a68       0xcb /usr/lib/arm-none-eabi/lib/armv7e-m//libc.a(lib_a-reent.o)
                                0x5b1 (size before relaxing)
 .debug_str     0x00001b33      0x38d /usr/lib/arm-none-eabi/lib/armv7e-m//libc.a(lib_a-vfprintf.o)
                                0x974 (size before relaxing)
 .debug_str     0x00001ec0       0x3a /usr/lib/arm-none-eabi/lib/armv7e-m//libc.a(lib_a-wsetup.o)
                                0x5b1 (size before relaxing)
 .debug_str     0x00001efa      0x1bd /usr/lib/arm-none-eabi/lib/armv7e-m//libc.a(lib_a-dtoa.o)
                                0x6e4 (size before relaxing)
 .debug_str     0x000020b7       0x70 /usr/lib/arm-none-eabi/lib/armv7e-m//libc.a(lib_a-fflush.o)
                                0x5f2 (size before relaxing)
 .debug_str     0x00002127      0x114 /usr/lib/arm-none-eabi/lib/armv7e-m//libc.a(lib_a-findfp.o)
                                0x6ac (size before relaxing)
 .debug_str     0x0000223b      0x176 /usr/lib/arm-none-eabi/lib/armv7e-m//libc.a(lib_a-freer.o)
                                0x6eb (size before relaxing)
 .debug_str     0x000023b1       0x3b /usr/lib/arm-none-eabi/lib/armv7e-m//libc.a(lib_a-fwalk.o)
                                0x597 (size before relaxing)
 .debug_str     0x000023ec       0x39 /usr/lib/arm-none-eabi/lib/armv7e-m//libc.a(lib_a-impure.o)
                                0x592 (size before relaxing)
 .debug_str     0x00002425      0x181 /usr/lib/arm-none-eabi/lib/armv7e-m//libc.a(lib_a-locale.o)
                                0x7ef (size before relaxing)
 .debug_str     0x000025a6       0x4c /usr/lib/arm-none-eabi/lib/armv7e-m//libc.a(lib_a-makebuf.o)
                                0x694 (size before relaxing)
 .debug_str     0x000025f2       0xdf /usr/lib/arm-none-eabi/lib/armv7e-m//libc.a(lib_a-mallocr.o)
                                0x7a1 (size before relaxing)
 .debug_str     0x000026d1       0xbf /usr/lib/arm-none-eabi/lib/armv7e-m//libc.a(lib_a-memchr-stub.o)
                                0x1ed (size before relaxing)
 .debug_str     0x00002790       0xa7 /usr/lib/arm-none-eabi/lib/armv7e-m//libc.a(lib_a-memset.o)
                                0x1d5 (size before relaxing)
 .debug_str     0x00002837       0x42 /usr/lib/arm-none-eabi/lib/armv7e-m//libc.a(lib_a-mlock.o)
                                0x59b (size before relaxing)
 .debug_str     0x00002879       0x98 /usr/lib/arm-none-eabi/lib/armv7e-m//libc.a(lib_a-mprec.o)
                                0x69e (size before relaxing)
 .debug_str     0x00002911       0x2c /usr/lib/arm-none-eabi/lib/armv7e-m//libc.a(lib_a-sbrkr.o)
                                0x589 (size before relaxing)
 .debug_str     0x0000293d       0xa0 /usr/lib/arm-none-eabi/lib/armv7e-m//libc.a(lib_a-s_fpclassify.o)
                                0x1eb (size before relaxing)
 .debug_str     0x000029dd       0x8c /usr/lib/arm-none-eabi/lib/armv7e-m//libc.a(lib_a-stdio.o)
                                0x5ed (size before relaxing)
 .debug_str     0x00002a69       0x36 /usr/lib/arm-none-eabi/lib/armv7e-m//libc.a(lib_a-strlen.o)
                                0x1ce (size before relaxing)
 .debug_str     0x00002a9f       0x36 /usr/lib/arm-none-eabi/lib/armv7e-m//libc.a(lib_a-vfiprintf.o)
                                0x766 (size before relaxing)
 .debug_str     0x00002ad5       0x2d /usr/lib/arm-none-eabi/lib/armv7e-m//libc.a(lib_a-writer.o)
                                0x586 (size before relaxing)
 .debug_str     0x00002b02        0xf /usr/lib/arm-none-eabi/lib/armv7e-m//libc.a(lib_a-callocr.o)
                                0x5cb (size before relaxing)
 .debug_str     0x00002b11       0x2d /usr/lib/arm-none-eabi/lib/armv7e-m//libc.a(lib_a-closer.o)
                                0x576 (size before relaxing)
 .debug_str     0x00002b3e       0x3e /usr/lib/arm-none-eabi/lib/armv7e-m//libc.a(lib_a-fclose.o)
                                0x5df (size before relaxing)
 .debug_str     0x00002b7c       0x4b /usr/lib/arm-none-eabi/lib/armv7e-m//libc.a(lib_a-fputwc.o)
                                0x5f2 (size before relaxing)
 .debug_str     0x00002bc7       0x33 /usr/lib/arm-none-eabi/lib/armv7e-m//libc.a(lib_a-fstatr.o)
                                0x669 (size before relaxing)
 .debug_str     0x00002bfa       0x5f /usr/lib/arm-none-eabi/lib/armv7e-m//libc.a(lib_a-fvwrite.o)
                                0x624 (size before relaxing)
 .debug_str     0x00002c59       0x2e /usr/lib/arm-none-eabi/lib/armv7e-m//libc.a(lib_a-isattyr.o)
                                0x580 (size before relaxing)
 .debug_str     0x00002c87       0x2d /usr/lib/arm-none-eabi/lib/armv7e-m//libc.a(lib_a-lseekr.o)
                                0x584 (size before relaxing)
 .debug_str     0x00002cb4       0x50 /usr/lib/arm-none-eabi/lib/armv7e-m//libc.a(lib_a-memmove.o)
                                0x1f4 (size before relaxing)
 .debug_str     0x00002d04       0x2c /usr/lib/arm-none-eabi/lib/armv7e-m//libc.a(lib_a-readr.o)
                                0x584 (size before relaxing)
 .debug_str     0x00002d30       0x4e /usr/lib/arm-none-eabi/lib/armv7e-m//libc.a(lib_a-reallocr.o)
                                0x673 (size before relaxing)
 .debug_str     0x00002d7e       0x33 /usr/lib/arm-none-eabi/lib/armv7e-m//libc.a(lib_a-wbuf.o)
                                0x5b6 (size before relaxing)
 .debug_str     0x00002db1       0x47 /usr/lib/arm-none-eabi/lib/armv7e-m//libc.a(lib_a-wcrtomb.o)
                                0x5c9 (size before relaxing)
 .debug_str     0x00002df8       0x50 /usr/lib/arm-none-eabi/lib/armv7e-m//libc.a(lib_a-wctomb_r.o)
                                0x5d2 (size before relaxing)
 .debug_str     0x00002e48      0x163 /usr/lib/gcc/arm-none-eabi/4.8/armv7e-m//libgcc.a(bpabi.o)
                                0x192 (size before relaxing)
 .debug_str     0x00002fab      0x135 /usr/lib/gcc/arm-none-eabi/4.8/armv7e-m//libgcc.a(_divdi3.o)
                                0x240 (size before relaxing)
 .debug_str     0x000030e0      0x241 /usr/lib/gcc/arm-none-eabi/4.8/armv7e-m//libgcc.a(_udivdi3.o)

.comment        0x00000000       0x58
 .comment       0x00000000       0x2d main.o
                                 0x2e (size before relaxing)
 .comment       0x0000002d       0x2e system.o
 .comment       0x0000002d       0x2e startup.o
 .comment       0x0000002d       0x2e uart.o
 .comment       0x0000002d       0x2e xprintf.o
 .comment       0x0000002d       0x2e adc.o
 .comment       0x0000002d       0x2e dac.o
 .comment       0x0000002d       0x2e cos_sin_tbl.o
 .comment       0x0000002d       0x2e modbus_rtu.o
 .comment       0x0000002d       0x2e crc.o
 .comment       0x0000002d       0x2e spi.o
 .comment       0x0000002d       0x2e reg.o
 .comment       0x0000002d       0x2e i2c.o
 .comment       0x0000002d       0x2e attenuator.o
 .comment       0x0000002d       0x2e apl602.o
 .comment       0x0000002d       0x2e stubs.o
 .comment       0x0000002d       0x2b /usr/lib/arm-none-eabi/lib/armv7e-m//libc.a(lib_a-printf.o)
                                 0x2c (size before relaxing)
 .comment       0x00000058       0x2c /usr/lib/arm-none-eabi/lib/armv7e-m//libc.a(lib_a-reent.o)
 .comment       0x00000058       0x2c /usr/lib/arm-none-eabi/lib/armv7e-m//libc.a(lib_a-vfprintf.o)
 .comment       0x00000058       0x2c /usr/lib/arm-none-eabi/lib/armv7e-m//libc.a(lib_a-wsetup.o)
 .comment       0x00000058       0x2c /usr/lib/arm-none-eabi/lib/armv7e-m//libc.a(lib_a-dtoa.o)
 .comment       0x00000058       0x2c /usr/lib/arm-none-eabi/lib/armv7e-m//libc.a(lib_a-fflush.o)
 .comment       0x00000058       0x2c /usr/lib/arm-none-eabi/lib/armv7e-m//libc.a(lib_a-findfp.o)
 .comment       0x00000058       0x2c /usr/lib/arm-none-eabi/lib/armv7e-m//libc.a(lib_a-freer.o)
 .comment       0x00000058       0x2c /usr/lib/arm-none-eabi/lib/armv7e-m//libc.a(lib_a-fwalk.o)
 .comment       0x00000058       0x2c /usr/lib/arm-none-eabi/lib/armv7e-m//libc.a(lib_a-impure.o)
 .comment       0x00000058       0x2c /usr/lib/arm-none-eabi/lib/armv7e-m//libc.a(lib_a-locale.o)
 .comment       0x00000058       0x2c /usr/lib/arm-none-eabi/lib/armv7e-m//libc.a(lib_a-makebuf.o)
 .comment       0x00000058       0x2c /usr/lib/arm-none-eabi/lib/armv7e-m//libc.a(lib_a-mallocr.o)
 .comment       0x00000058       0x2c /usr/lib/arm-none-eabi/lib/armv7e-m//libc.a(lib_a-memchr-stub.o)
 .comment       0x00000058       0x2c /usr/lib/arm-none-eabi/lib/armv7e-m//libc.a(lib_a-memset.o)
 .comment       0x00000058       0x2c /usr/lib/arm-none-eabi/lib/armv7e-m//libc.a(lib_a-mlock.o)
 .comment       0x00000058       0x2c /usr/lib/arm-none-eabi/lib/armv7e-m//libc.a(lib_a-mprec.o)
 .comment       0x00000058       0x2c /usr/lib/arm-none-eabi/lib/armv7e-m//libc.a(lib_a-sbrkr.o)
 .comment       0x00000058       0x2c /usr/lib/arm-none-eabi/lib/armv7e-m//libc.a(lib_a-s_fpclassify.o)
 .comment       0x00000058       0x2c /usr/lib/arm-none-eabi/lib/armv7e-m//libc.a(lib_a-stdio.o)
 .comment       0x00000058       0x2c /usr/lib/arm-none-eabi/lib/armv7e-m//libc.a(lib_a-strlen.o)
 .comment       0x00000058       0x2c /usr/lib/arm-none-eabi/lib/armv7e-m//libc.a(lib_a-vfiprintf.o)
 .comment       0x00000058       0x2c /usr/lib/arm-none-eabi/lib/armv7e-m//libc.a(lib_a-writer.o)
 .comment       0x00000058       0x2c /usr/lib/arm-none-eabi/lib/armv7e-m//libc.a(lib_a-callocr.o)
 .comment       0x00000058       0x2c /usr/lib/arm-none-eabi/lib/armv7e-m//libc.a(lib_a-closer.o)
 .comment       0x00000058       0x2c /usr/lib/arm-none-eabi/lib/armv7e-m//libc.a(lib_a-fclose.o)
 .comment       0x00000058       0x2c /usr/lib/arm-none-eabi/lib/armv7e-m//libc.a(lib_a-fputwc.o)
 .comment       0x00000058       0x2c /usr/lib/arm-none-eabi/lib/armv7e-m//libc.a(lib_a-fstatr.o)
 .comment       0x00000058       0x2c /usr/lib/arm-none-eabi/lib/armv7e-m//libc.a(lib_a-fvwrite.o)
 .comment       0x00000058       0x2c /usr/lib/arm-none-eabi/lib/armv7e-m//libc.a(lib_a-isattyr.o)
 .comment       0x00000058       0x2c /usr/lib/arm-none-eabi/lib/armv7e-m//libc.a(lib_a-lseekr.o)
 .comment       0x00000058       0x2c /usr/lib/arm-none-eabi/lib/armv7e-m//libc.a(lib_a-memmove.o)
 .comment       0x00000058       0x2c /usr/lib/arm-none-eabi/lib/armv7e-m//libc.a(lib_a-readr.o)
 .comment       0x00000058       0x2c /usr/lib/arm-none-eabi/lib/armv7e-m//libc.a(lib_a-reallocr.o)
 .comment       0x00000058       0x2c /usr/lib/arm-none-eabi/lib/armv7e-m//libc.a(lib_a-wbuf.o)
 .comment       0x00000058       0x2c /usr/lib/arm-none-eabi/lib/armv7e-m//libc.a(lib_a-wcrtomb.o)
 .comment       0x00000058       0x2c /usr/lib/arm-none-eabi/lib/armv7e-m//libc.a(lib_a-wctomb_r.o)
 .comment       0x00000058       0x2e /usr/lib/gcc/arm-none-eabi/4.8/armv7e-m//libgcc.a(bpabi.o)
 .comment       0x00000058       0x2e /usr/lib/gcc/arm-none-eabi/4.8/armv7e-m//libgcc.a(_divdi3.o)
 .comment       0x00000058       0x2e /usr/lib/gcc/arm-none-eabi/4.8/armv7e-m//libgcc.a(_udivdi3.o)

.ARM.attributes
                0x00000000       0x31
 .ARM.attributes
                0x00000000       0x33 main.o
 .ARM.attributes
                0x00000033       0x33 system.o
 .ARM.attributes
                0x00000066       0x33 startup.o
 .ARM.attributes
                0x00000099       0x33 uart.o
 .ARM.attributes
                0x000000cc       0x33 xprintf.o
 .ARM.attributes
                0x000000ff       0x33 adc.o
 .ARM.attributes
                0x00000132       0x33 dac.o
 .ARM.attributes
                0x00000165       0x33 cos_sin_tbl.o
 .ARM.attributes
                0x00000198       0x33 modbus_rtu.o
 .ARM.attributes
                0x000001cb       0x33 crc.o
 .ARM.attributes
                0x000001fe       0x33 spi.o
 .ARM.attributes
                0x00000231       0x2f reg.o
 .ARM.attributes
                0x00000260       0x33 i2c.o
 .ARM.attributes
                0x00000293       0x33 attenuator.o
 .ARM.attributes
                0x000002c6       0x33 apl602.o
 .ARM.attributes
                0x000002f9       0x33 stubs.o
 .ARM.attributes
                0x0000032c       0x2e /usr/lib/arm-none-eabi/lib/armv7e-m//libc.a(lib_a-printf.o)
 .ARM.attributes
                0x0000035a       0x2e /usr/lib/arm-none-eabi/lib/armv7e-m//libc.a(lib_a-reent.o)
 .ARM.attributes
                0x00000388       0x2e /usr/lib/arm-none-eabi/lib/armv7e-m//libc.a(lib_a-vfprintf.o)
 .ARM.attributes
                0x000003b6       0x2e /usr/lib/arm-none-eabi/lib/armv7e-m//libc.a(lib_a-wsetup.o)
 .ARM.attributes
                0x000003e4       0x2e /usr/lib/arm-none-eabi/lib/armv7e-m//libc.a(lib_a-dtoa.o)
 .ARM.attributes
                0x00000412       0x2e /usr/lib/arm-none-eabi/lib/armv7e-m//libc.a(lib_a-fflush.o)
 .ARM.attributes